2026-08-29 17:42:15,660 WARN streaming.StreamJob: -file option is deprecated, please use generic option -files instead.
2026-08-29 17:42:15,862 WARN util.NativeCodeLoader: Unable to load native-hadoop library for your platform... using builtin-java classes where applicable
packageJobJar: [mappers/mapper_hourly.py, reducers/reducer_hourly.py, /tmp/hadoop-unjar12123849953761080960/] [] /tmp/streamjob12095096823042138457.jar tmpDir=null
2026-08-29 17:42:16,572 INFO client.DefaultNoHARMFailoverProxyProvider: Connecting to ResourceManager at localhost/127.0.0.1:8032
2026-08-29 17:42:16,720 INFO client.DefaultNoHARMFailoverProxyProvider: Connecting to ResourceManager at localhost/127.0.0.1:8032
2026-08-29 17:42:17,044 INFO mapreduce.JobResourceUploader: Disabling Erasure Coding for path: /tmp/hadoop-yarn/staging/root/.staging/job_1788022068759_0004
2026-08-29 17:42:17,836 INFO mapred.FileInputFormat: Total input files to process : 2
2026-08-29 17:42:18,718 INFO mapreduce.JobSubmitter: number of splits:10
2026-08-29 17:42:18,931 INFO mapreduce.JobSubmitter: Submitting tokens for job: job_1788022068759_0004
2026-08-29 17:42:18,931 INFO mapreduce.JobSubmitter: Executing with tokens: []
2026-08-29 17:42:19,131 INFO conf.Configuration: resource-types.xml not found
2026-08-29 17:42:19,131 INFO resource.ResourceUtils: Unable to find 'resource-types.xml'.
2026-08-29 17:42:19,227 INFO impl.YarnClientImpl: Submitted application application_1788022068759_0004
2026-08-29 17:42:19,295 INFO mapreduce.Job: The url to track the job: http://localhost:8088/proxy/application_1788022068759_0004/
2026-08-29 17:42:19,298 INFO mapreduce.Job: Running job: job_1788022068759_0004
2026-08-29 17:42:26,471 INFO mapreduce.Job: Job job_1788022068759_0004 running in uber mode : false
2026-08-29 17:42:26,472 INFO mapreduce.Job:  map 0% reduce 0%
2026-08-29 17:42:51,025 INFO mapreduce.Job:  map 4% reduce 0%
2026-08-29 17:42:52,034 INFO mapreduce.Job:  map 6% reduce 0%
2026-08-29 17:42:57,153 INFO mapreduce.Job:  map 8% reduce 0%
2026-08-29 17:42:58,253 INFO mapreduce.Job:  map 9% reduce 0%
2026-08-29 17:43:03,645 INFO mapreduce.Job:  map 12% reduce 0%
2026-08-29 17:43:08,804 INFO mapreduce.Job:  map 13% reduce 0%
2026-08-29 17:43:09,836 INFO mapreduce.Job:  map 15% reduce 0%
2026-08-29 17:43:15,202 INFO mapreduce.Job:  map 18% reduce 0%
2026-08-29 17:43:16,208 INFO mapreduce.Job:  map 19% reduce 0%
2026-08-29 17:43:21,279 INFO mapreduce.Job:  map 21% reduce 0%
2026-08-29 17:43:22,290 INFO mapreduce.Job:  map 22% reduce 0%
2026-08-29 17:43:27,357 INFO mapreduce.Job:  map 24% reduce 0%
2026-08-29 17:43:28,365 INFO mapreduce.Job:  map 25% reduce 0%
2026-08-29 17:43:29,481 INFO mapreduce.Job:  map 29% reduce 0%
2026-08-29 17:43:31,506 INFO mapreduce.Job:  map 32% reduce 0%
2026-08-29 17:43:33,523 INFO mapreduce.Job:  map 33% reduce 0%
2026-08-29 17:43:35,567 INFO mapreduce.Job:  map 37% reduce 0%
2026-08-29 17:43:36,616 INFO mapreduce.Job:  map 40% reduce 0%
2026-08-29 17:43:51,926 INFO mapreduce.Job:  map 43% reduce 0%
2026-08-29 17:43:54,093 INFO mapreduce.Job:  map 44% reduce 0%
2026-08-29 17:43:58,128 INFO mapreduce.Job:  map 45% reduce 0%
2026-08-29 17:44:00,143 INFO mapreduce.Job:  map 46% reduce 0%
2026-08-29 17:44:01,150 INFO mapreduce.Job:  map 48% reduce 13%
2026-08-29 17:44:06,234 INFO mapreduce.Job:  map 50% reduce 13%
2026-08-29 17:44:07,288 INFO mapreduce.Job:  map 51% reduce 13%
2026-08-29 17:44:10,521 INFO mapreduce.Job:  map 52% reduce 13%
2026-08-29 17:44:12,608 INFO mapreduce.Job:  map 53% reduce 13%
2026-08-29 17:44:13,618 INFO mapreduce.Job:  map 54% reduce 13%
2026-08-29 17:44:16,740 INFO mapreduce.Job:  map 58% reduce 13%
2026-08-29 17:44:18,987 INFO mapreduce.Job:  map 61% reduce 17%
2026-08-29 17:44:25,198 INFO mapreduce.Job:  map 63% reduce 17%
2026-08-29 17:44:27,248 INFO mapreduce.Job:  map 67% reduce 17%
2026-08-29 17:44:28,275 INFO mapreduce.Job:  map 70% reduce 17%
2026-08-29 17:44:31,487 INFO mapreduce.Job:  map 70% reduce 23%
2026-08-29 17:44:38,551 INFO mapreduce.Job:  map 73% reduce 23%
2026-08-29 17:44:44,823 INFO mapreduce.Job:  map 94% reduce 23%
2026-08-29 17:44:48,846 INFO mapreduce.Job:  map 94% reduce 30%
2026-08-29 17:44:50,857 INFO mapreduce.Job:  map 96% reduce 30%
2026-08-29 17:44:54,893 INFO mapreduce.Job:  map 100% reduce 30%
2026-08-29 17:44:55,917 INFO mapreduce.Job:  map 100% reduce 100%
2026-08-29 17:44:57,939 INFO mapreduce.Job: Job job_1788022068759_0004 completed successfully
2026-08-29 17:44:58,042 INFO mapreduce.Job: Counters: 55
	File System Counters
		FILE: Number of bytes read=2597
		FILE: Number of bytes written=3551604
		FILE: Number of read operations=0
		FILE: Number of large read operations=0
		FILE: Number of write operations=0
		HDFS: Number of bytes read=1104892837
		HDFS: Number of bytes written=238
		HDFS: Number of read operations=35
		HDFS: Number of large read operations=0
		HDFS: Number of write operations=2
		HDFS: Number of bytes read erasure-coded=0
	Job Counters 
		Killed map tasks=1
		Launched map tasks=11
		Launched reduce tasks=1
		Data-local map tasks=11
		Total time spent by all maps in occupied slots (ms)=960978
		Total time spent by all reduces in occupied slots (ms)=157266
		Total time spent by all map tasks (ms)=480489
		Total time spent by all reduce tasks (ms)=78633
		Total vcore-milliseconds taken by all map tasks=480489
		Total vcore-milliseconds taken by all reduce tasks=78633
		Total megabyte-milliseconds taken by all map tasks=492020736
		Total megabyte-milliseconds taken by all reduce tasks=80520192
	Map-Reduce Framework
		Map input records=10493916
		Map output records=10493916
		Map output bytes=52469580
		Map output materialized bytes=2651
		Input split bytes=1110
		Combine input records=10493916
		Combine output records=240
		Reduce input groups=24
		Reduce shuffle bytes=2651
		Reduce input records=240
		Reduce output records=24
		Spilled Records=480
		Shuffled Maps =10
		Failed Shuffles=0
		Merged Map outputs=10
		GC time elapsed (ms)=2453
		CPU time spent (ms)=187340
		Physical memory (bytes) snapshot=3472396288
		Virtual memory (bytes) snapshot=30099316736
		Total committed heap usage (bytes)=2210398208
		Peak Map Physical memory (bytes)=350883840
		Peak Map Virtual memory (bytes)=2752462848
		Peak Reduce Physical memory (bytes)=195960832
		Peak Reduce Virtual memory (bytes)=2739175424
	Shuffle Errors
		BAD_ID=0
		CONNECTION=0
		IO_ERROR=0
		WRONG_LENGTH=0
		WRONG_MAP=0
		WRONG_REDUCE=0
	File Input Format Counters 
		Bytes Read=1104891727
	File Output Format Counters 
		Bytes Written=238
2026-08-29 17:44:58,042 INFO streaming.StreamJob: Output directory: /taxi_project/output/hourly
ELAPSED_SECONDS=164
