2026-08-29 17:45:00,843 WARN streaming.StreamJob: -file option is deprecated, please use generic option -files instead.
2026-08-29 17:45:01,046 WARN util.NativeCodeLoader: Unable to load native-hadoop library for your platform... using builtin-java classes where applicable
packageJobJar: [mappers/mapper_daily.py, reducers/reducer_daily.py, /tmp/hadoop-unjar261468578395612537/] [] /tmp/streamjob16402580669753457433.jar tmpDir=null
2026-08-29 17:45:01,821 INFO client.DefaultNoHARMFailoverProxyProvider: Connecting to ResourceManager at localhost/127.0.0.1:8032
2026-08-29 17:45:01,975 INFO client.DefaultNoHARMFailoverProxyProvider: Connecting to ResourceManager at localhost/127.0.0.1:8032
2026-08-29 17:45:02,284 INFO mapreduce.JobResourceUploader: Disabling Erasure Coding for path: /tmp/hadoop-yarn/staging/root/.staging/job_1788022068759_0005
2026-08-29 17:45:02,726 INFO mapred.FileInputFormat: Total input files to process : 2
2026-08-29 17:45:02,847 INFO mapreduce.JobSubmitter: number of splits:10
2026-08-29 17:45:03,090 INFO mapreduce.JobSubmitter: Submitting tokens for job: job_1788022068759_0005
2026-08-29 17:45:03,092 INFO mapreduce.JobSubmitter: Executing with tokens: []
2026-08-29 17:45:03,316 INFO conf.Configuration: resource-types.xml not found
2026-08-29 17:45:03,317 INFO resource.ResourceUtils: Unable to find 'resource-types.xml'.
2026-08-29 17:45:03,408 INFO impl.YarnClientImpl: Submitted application application_1788022068759_0005
2026-08-29 17:45:03,448 INFO mapreduce.Job: The url to track the job: http://localhost:8088/proxy/application_1788022068759_0005/
2026-08-29 17:45:03,450 INFO mapreduce.Job: Running job: job_1788022068759_0005
2026-08-29 17:45:10,762 INFO mapreduce.Job: Job job_1788022068759_0005 running in uber mode : false
2026-08-29 17:45:10,763 INFO mapreduce.Job:  map 0% reduce 0%
2026-08-29 17:45:35,552 INFO mapreduce.Job:  map 3% reduce 0%
2026-08-29 17:45:36,565 INFO mapreduce.Job:  map 5% reduce 0%
2026-08-29 17:45:41,848 INFO mapreduce.Job:  map 6% reduce 0%
2026-08-29 17:45:42,966 INFO mapreduce.Job:  map 8% reduce 0%
2026-08-29 17:45:48,034 INFO mapreduce.Job:  map 11% reduce 0%
2026-08-29 17:45:49,047 INFO mapreduce.Job:  map 12% reduce 0%
2026-08-29 17:45:54,212 INFO mapreduce.Job:  map 13% reduce 0%
2026-08-29 17:45:55,220 INFO mapreduce.Job:  map 15% reduce 0%
2026-08-29 17:46:00,281 INFO mapreduce.Job:  map 16% reduce 0%
2026-08-29 17:46:01,301 INFO mapreduce.Job:  map 18% reduce 0%
2026-08-29 17:46:06,367 INFO mapreduce.Job:  map 19% reduce 0%
2026-08-29 17:46:07,375 INFO mapreduce.Job:  map 21% reduce 0%
2026-08-29 17:46:12,557 INFO mapreduce.Job:  map 23% reduce 0%
2026-08-29 17:46:13,565 INFO mapreduce.Job:  map 24% reduce 0%
2026-08-29 17:46:16,836 INFO mapreduce.Job:  map 28% reduce 0%
2026-08-29 17:46:18,873 INFO mapreduce.Job:  map 29% reduce 0%
2026-08-29 17:46:19,879 INFO mapreduce.Job:  map 33% reduce 0%
2026-08-29 17:46:21,904 INFO mapreduce.Job:  map 36% reduce 0%
2026-08-29 17:46:23,937 INFO mapreduce.Job:  map 40% reduce 0%
2026-08-29 17:46:41,182 INFO mapreduce.Job:  map 42% reduce 0%
2026-08-29 17:46:43,304 INFO mapreduce.Job:  map 43% reduce 0%
2026-08-29 17:46:44,311 INFO mapreduce.Job:  map 45% reduce 0%
2026-08-29 17:46:46,327 INFO mapreduce.Job:  map 45% reduce 13%
2026-08-29 17:46:47,334 INFO mapreduce.Job:  map 46% reduce 13%
2026-08-29 17:46:49,352 INFO mapreduce.Job:  map 47% reduce 13%
2026-08-29 17:46:50,358 INFO mapreduce.Job:  map 48% reduce 13%
2026-08-29 17:46:53,391 INFO mapreduce.Job:  map 49% reduce 13%
2026-08-29 17:46:55,438 INFO mapreduce.Job:  map 50% reduce 13%
2026-08-29 17:46:56,446 INFO mapreduce.Job:  map 52% reduce 13%
2026-08-29 17:47:01,675 INFO mapreduce.Job:  map 54% reduce 13%
2026-08-29 17:47:02,683 INFO mapreduce.Job:  map 55% reduce 13%
2026-08-29 17:47:05,704 INFO mapreduce.Job:  map 56% reduce 13%
2026-08-29 17:47:07,742 INFO mapreduce.Job:  map 57% reduce 13%
2026-08-29 17:47:08,756 INFO mapreduce.Job:  map 61% reduce 13%
2026-08-29 17:47:10,780 INFO mapreduce.Job:  map 61% reduce 17%
2026-08-29 17:47:13,862 INFO mapreduce.Job:  map 62% reduce 17%
2026-08-29 17:47:14,871 INFO mapreduce.Job:  map 63% reduce 17%
2026-08-29 17:47:15,879 INFO mapreduce.Job:  map 67% reduce 17%
2026-08-29 17:47:16,888 INFO mapreduce.Job:  map 70% reduce 20%
2026-08-29 17:47:23,005 INFO mapreduce.Job:  map 70% reduce 23%
2026-08-29 17:47:29,453 INFO mapreduce.Job:  map 72% reduce 23%
2026-08-29 17:47:31,481 INFO mapreduce.Job:  map 82% reduce 23%
2026-08-29 17:47:32,488 INFO mapreduce.Job:  map 92% reduce 23%
2026-08-29 17:47:34,496 INFO mapreduce.Job:  map 93% reduce 30%
2026-08-29 17:47:40,541 INFO mapreduce.Job:  map 95% reduce 30%
2026-08-29 17:47:46,581 INFO mapreduce.Job:  map 97% reduce 30%
2026-08-29 17:47:48,590 INFO mapreduce.Job:  map 100% reduce 30%
2026-08-29 17:47:49,595 INFO mapreduce.Job:  map 100% reduce 100%
2026-08-29 17:47:50,607 INFO mapreduce.Job: Job job_1788022068759_0005 completed successfully
2026-08-29 17:47:50,708 INFO mapreduce.Job: Counters: 55
	File System Counters
		FILE: Number of bytes read=1885
		FILE: Number of bytes written=3550180
		FILE: Number of read operations=0
		FILE: Number of large read operations=0
		FILE: Number of write operations=0
		HDFS: Number of bytes read=1104892837
		HDFS: Number of bytes written=183
		HDFS: Number of read operations=35
		HDFS: Number of large read operations=0
		HDFS: Number of write operations=2
		HDFS: Number of bytes read erasure-coded=0
	Job Counters 
		Killed map tasks=1
		Launched map tasks=11
		Launched reduce tasks=1
		Data-local map tasks=11
		Total time spent by all maps in occupied slots (ms)=1030472
		Total time spent by all reduces in occupied slots (ms)=169030
		Total time spent by all map tasks (ms)=515236
		Total time spent by all reduce tasks (ms)=84515
		Total vcore-milliseconds taken by all map tasks=515236
		Total vcore-milliseconds taken by all reduce tasks=84515
		Total megabyte-milliseconds taken by all map tasks=527601664
		Total megabyte-milliseconds taken by all reduce tasks=86543360
	Map-Reduce Framework
		Map input records=10493916
		Map output records=10493916
		Map output bytes=212000178
		Map output materialized bytes=1939
		Input split bytes=1110
		Combine input records=10493916
		Combine output records=70
		Reduce input groups=7
		Reduce shuffle bytes=1939
		Reduce input records=70
		Reduce output records=7
		Spilled Records=140
		Shuffled Maps =10
		Failed Shuffles=0
		Merged Map outputs=10
		GC time elapsed (ms)=1814
		CPU time spent (ms)=195780
		Physical memory (bytes) snapshot=3650760704
		Virtual memory (bytes) snapshot=30099685376
		Total committed heap usage (bytes)=2385510400
		Peak Map Physical memory (bytes)=692396032
		Peak Map Virtual memory (bytes)=5467418624
		Peak Reduce Physical memory (bytes)=223186944
		Peak Reduce Virtual memory (bytes)=2739765248
	Shuffle Errors
		BAD_ID=0
		CONNECTION=0
		IO_ERROR=0
		WRONG_LENGTH=0
		WRONG_MAP=0
		WRONG_REDUCE=0
	File Input Format Counters 
		Bytes Read=1104891727
	File Output Format Counters 
		Bytes Written=183
2026-08-29 17:47:50,709 INFO streaming.StreamJob: Output directory: /taxi_project/output/daily
ELAPSED_SECONDS=170
