2026-08-29 17:47:53,403 WARN streaming.StreamJob: -file option is deprecated, please use generic option -files instead.
2026-08-29 17:47:53,636 WARN util.NativeCodeLoader: Unable to load native-hadoop library for your platform... using builtin-java classes where applicable
packageJobJar: [mappers/mapper_location.py, reducers/reducer_location.py, /tmp/hadoop-unjar16608161336040435723/] [] /tmp/streamjob18274539821757575168.jar tmpDir=null
2026-08-29 17:47:54,424 INFO client.DefaultNoHARMFailoverProxyProvider: Connecting to ResourceManager at localhost/127.0.0.1:8032
2026-08-29 17:47:54,577 INFO client.DefaultNoHARMFailoverProxyProvider: Connecting to ResourceManager at localhost/127.0.0.1:8032
2026-08-29 17:47:54,910 INFO mapreduce.JobResourceUploader: Disabling Erasure Coding for path: /tmp/hadoop-yarn/staging/root/.staging/job_1788022068759_0006
2026-08-29 17:47:55,376 INFO mapred.FileInputFormat: Total input files to process : 2
2026-08-29 17:47:55,831 INFO mapreduce.JobSubmitter: number of splits:10
2026-08-29 17:47:56,076 INFO mapreduce.JobSubmitter: Submitting tokens for job: job_1788022068759_0006
2026-08-29 17:47:56,076 INFO mapreduce.JobSubmitter: Executing with tokens: []
2026-08-29 17:47:56,415 INFO conf.Configuration: resource-types.xml not found
2026-08-29 17:47:56,416 INFO resource.ResourceUtils: Unable to find 'resource-types.xml'.
2026-08-29 17:47:56,540 INFO impl.YarnClientImpl: Submitted application application_1788022068759_0006
2026-08-29 17:47:56,584 INFO mapreduce.Job: The url to track the job: http://localhost:8088/proxy/application_1788022068759_0006/
2026-08-29 17:47:56,586 INFO mapreduce.Job: Running job: job_1788022068759_0006
2026-08-29 17:48:03,850 INFO mapreduce.Job: Job job_1788022068759_0006 running in uber mode : false
2026-08-29 17:48:03,852 INFO mapreduce.Job:  map 0% reduce 0%
2026-08-29 17:48:28,177 INFO mapreduce.Job:  map 3% reduce 0%
2026-08-29 17:48:29,237 INFO mapreduce.Job:  map 5% reduce 0%
2026-08-29 17:48:33,507 INFO mapreduce.Job:  map 6% reduce 0%
2026-08-29 17:48:34,521 INFO mapreduce.Job:  map 8% reduce 0%
2026-08-29 17:48:39,613 INFO mapreduce.Job:  map 9% reduce 0%
2026-08-29 17:48:40,675 INFO mapreduce.Job:  map 10% reduce 0%
2026-08-29 17:48:41,685 INFO mapreduce.Job:  map 12% reduce 0%
2026-08-29 17:48:45,925 INFO mapreduce.Job:  map 13% reduce 0%
2026-08-29 17:48:46,939 INFO mapreduce.Job:  map 15% reduce 0%
2026-08-29 17:48:52,280 INFO mapreduce.Job:  map 16% reduce 0%
2026-08-29 17:48:53,300 INFO mapreduce.Job:  map 19% reduce 0%
2026-08-29 17:48:58,845 INFO mapreduce.Job:  map 21% reduce 0%
2026-08-29 17:49:00,946 INFO mapreduce.Job:  map 22% reduce 0%
2026-08-29 17:49:05,014 INFO mapreduce.Job:  map 24% reduce 0%
2026-08-29 17:49:06,029 INFO mapreduce.Job:  map 25% reduce 0%
2026-08-29 17:49:09,131 INFO mapreduce.Job:  map 32% reduce 0%
2026-08-29 17:49:12,190 INFO mapreduce.Job:  map 36% reduce 0%
2026-08-29 17:49:13,197 INFO mapreduce.Job:  map 37% reduce 0%
2026-08-29 17:49:18,295 INFO mapreduce.Job:  map 40% reduce 0%
2026-08-29 17:49:31,507 INFO mapreduce.Job:  map 41% reduce 0%
2026-08-29 17:49:32,516 INFO mapreduce.Job:  map 43% reduce 0%
2026-08-29 17:49:36,565 INFO mapreduce.Job:  map 45% reduce 0%
2026-08-29 17:49:37,571 INFO mapreduce.Job:  map 46% reduce 0%
2026-08-29 17:49:42,752 INFO mapreduce.Job:  map 48% reduce 13%
2026-08-29 17:49:43,761 INFO mapreduce.Job:  map 49% reduce 13%
2026-08-29 17:49:44,768 INFO mapreduce.Job:  map 50% reduce 13%
2026-08-29 17:49:48,829 INFO mapreduce.Job:  map 51% reduce 13%
2026-08-29 17:49:49,840 INFO mapreduce.Job:  map 52% reduce 13%
2026-08-29 17:49:50,881 INFO mapreduce.Job:  map 53% reduce 13%
2026-08-29 17:49:55,127 INFO mapreduce.Job:  map 54% reduce 13%
2026-08-29 17:49:56,136 INFO mapreduce.Job:  map 56% reduce 13%
2026-08-29 17:50:01,172 INFO mapreduce.Job:  map 61% reduce 13%
2026-08-29 17:50:03,181 INFO mapreduce.Job:  map 62% reduce 13%
2026-08-29 17:50:04,189 INFO mapreduce.Job:  map 66% reduce 13%
2026-08-29 17:50:07,220 INFO mapreduce.Job:  map 66% reduce 20%
2026-08-29 17:50:09,241 INFO mapreduce.Job:  map 67% reduce 20%
2026-08-29 17:50:12,341 INFO mapreduce.Job:  map 70% reduce 20%
2026-08-29 17:50:13,399 INFO mapreduce.Job:  map 70% reduce 23%
2026-08-29 17:50:17,680 INFO mapreduce.Job:  map 80% reduce 23%
2026-08-29 17:50:18,684 INFO mapreduce.Job:  map 80% reduce 27%
2026-08-29 17:50:22,711 INFO mapreduce.Job:  map 83% reduce 27%
2026-08-29 17:50:26,739 INFO mapreduce.Job:  map 93% reduce 27%
2026-08-29 17:50:28,760 INFO mapreduce.Job:  map 94% reduce 27%
2026-08-29 17:50:30,800 INFO mapreduce.Job:  map 94% reduce 30%
2026-08-29 17:50:34,854 INFO mapreduce.Job:  map 96% reduce 30%
2026-08-29 17:50:38,882 INFO mapreduce.Job:  map 100% reduce 30%
2026-08-29 17:50:40,893 INFO mapreduce.Job:  map 100% reduce 100%
2026-08-29 17:50:41,905 INFO mapreduce.Job: Job job_1788022068759_0006 completed successfully
2026-08-29 17:50:42,004 INFO mapreduce.Job: Counters: 55
	File System Counters
		FILE: Number of bytes read=25818
		FILE: Number of bytes written=3598376
		FILE: Number of read operations=0
		FILE: Number of large read operations=0
		FILE: Number of write operations=0
		HDFS: Number of bytes read=1104892837
		HDFS: Number of bytes written=2396
		HDFS: Number of read operations=35
		HDFS: Number of large read operations=0
		HDFS: Number of write operations=2
		HDFS: Number of bytes read erasure-coded=0
	Job Counters 
		Killed map tasks=1
		Launched map tasks=10
		Launched reduce tasks=1
		Data-local map tasks=10
		Total time spent by all maps in occupied slots (ms)=981934
		Total time spent by all reduces in occupied slots (ms)=165144
		Total time spent by all map tasks (ms)=490967
		Total time spent by all reduce tasks (ms)=82572
		Total vcore-milliseconds taken by all map tasks=490967
		Total vcore-milliseconds taken by all reduce tasks=82572
		Total megabyte-milliseconds taken by all map tasks=502750208
		Total megabyte-milliseconds taken by all reduce tasks=84553728
	Map-Reduce Framework
		Map input records=10493916
		Map output records=10493916
		Map output bytes=62963496
		Map output materialized bytes=25872
		Input split bytes=1110
		Combine input records=10493916
		Combine output records=2563
		Reduce input groups=262
		Reduce shuffle bytes=25872
		Reduce input records=2563
		Reduce output records=262
		Spilled Records=5126
		Shuffled Maps =10
		Failed Shuffles=0
		Merged Map outputs=10
		GC time elapsed (ms)=2346
		CPU time spent (ms)=196830
		Physical memory (bytes) snapshot=3474857984
		Virtual memory (bytes) snapshot=30099013632
		Total committed heap usage (bytes)=2163212288
		Peak Map Physical memory (bytes)=361492480
		Peak Map Virtual memory (bytes)=2752344064
		Peak Reduce Physical memory (bytes)=208375808
		Peak Reduce Virtual memory (bytes)=2739040256
	Shuffle Errors
		BAD_ID=0
		CONNECTION=0
		IO_ERROR=0
		WRONG_LENGTH=0
		WRONG_MAP=0
		WRONG_REDUCE=0
	File Input Format Counters 
		Bytes Read=1104891727
	File Output Format Counters 
		Bytes Written=2396
2026-08-29 17:50:42,004 INFO streaming.StreamJob: Output directory: /taxi_project/output/locations
ELAPSED_SECONDS=170
