2026-08-29 17:50:44,706 WARN streaming.StreamJob: -file option is deprecated, please use generic option -files instead.
2026-08-29 17:50:44,965 WARN util.NativeCodeLoader: Unable to load native-hadoop library for your platform... using builtin-java classes where applicable
packageJobJar: [mappers/mapper_revenue.py, reducers/combiner_sums.py, reducers/reducer_revenue.py, /tmp/hadoop-unjar1319551267349114973/] [] /tmp/streamjob17644612675763557654.jar tmpDir=null
2026-08-29 17:50:45,873 INFO client.DefaultNoHARMFailoverProxyProvider: Connecting to ResourceManager at localhost/127.0.0.1:8032
2026-08-29 17:50:46,050 INFO client.DefaultNoHARMFailoverProxyProvider: Connecting to ResourceManager at localhost/127.0.0.1:8032
2026-08-29 17:50:46,378 INFO mapreduce.JobResourceUploader: Disabling Erasure Coding for path: /tmp/hadoop-yarn/staging/root/.staging/job_1788022068759_0007
2026-08-29 17:50:47,294 INFO mapred.FileInputFormat: Total input files to process : 2
2026-08-29 17:50:47,745 INFO mapreduce.JobSubmitter: number of splits:10
2026-08-29 17:50:47,948 INFO mapreduce.JobSubmitter: Submitting tokens for job: job_1788022068759_0007
2026-08-29 17:50:47,948 INFO mapreduce.JobSubmitter: Executing with tokens: []
2026-08-29 17:50:48,166 INFO conf.Configuration: resource-types.xml not found
2026-08-29 17:50:48,167 INFO resource.ResourceUtils: Unable to find 'resource-types.xml'.
2026-08-29 17:50:48,244 INFO impl.YarnClientImpl: Submitted application application_1788022068759_0007
2026-08-29 17:50:48,292 INFO mapreduce.Job: The url to track the job: http://localhost:8088/proxy/application_1788022068759_0007/
2026-08-29 17:50:48,293 INFO mapreduce.Job: Running job: job_1788022068759_0007
2026-08-29 17:50:55,481 INFO mapreduce.Job: Job job_1788022068759_0007 running in uber mode : false
2026-08-29 17:50:55,482 INFO mapreduce.Job:  map 0% reduce 0%
2026-08-29 17:51:19,029 INFO mapreduce.Job:  map 2% reduce 0%
2026-08-29 17:51:20,039 INFO mapreduce.Job:  map 4% reduce 0%
2026-08-29 17:51:25,265 INFO mapreduce.Job:  map 6% reduce 0%
2026-08-29 17:51:26,274 INFO mapreduce.Job:  map 7% reduce 0%
2026-08-29 17:51:31,494 INFO mapreduce.Job:  map 9% reduce 0%
2026-08-29 17:51:32,510 INFO mapreduce.Job:  map 10% reduce 0%
2026-08-29 17:51:37,605 INFO mapreduce.Job:  map 12% reduce 0%
2026-08-29 17:51:38,628 INFO mapreduce.Job:  map 13% reduce 0%
2026-08-29 17:51:43,719 INFO mapreduce.Job:  map 15% reduce 0%
2026-08-29 17:51:44,742 INFO mapreduce.Job:  map 16% reduce 0%
2026-08-29 17:51:49,873 INFO mapreduce.Job:  map 18% reduce 0%
2026-08-29 17:51:50,887 INFO mapreduce.Job:  map 19% reduce 0%
2026-08-29 17:51:55,981 INFO mapreduce.Job:  map 20% reduce 0%
2026-08-29 17:51:57,113 INFO mapreduce.Job:  map 22% reduce 0%
2026-08-29 17:52:00,262 INFO mapreduce.Job:  map 25% reduce 0%
2026-08-29 17:52:02,275 INFO mapreduce.Job:  map 26% reduce 0%
2026-08-29 17:52:03,287 INFO mapreduce.Job:  map 27% reduce 0%
2026-08-29 17:52:08,335 INFO mapreduce.Job:  map 31% reduce 0%
2026-08-29 17:52:09,342 INFO mapreduce.Job:  map 32% reduce 0%
2026-08-29 17:52:14,400 INFO mapreduce.Job:  map 33% reduce 0%
2026-08-29 17:52:19,468 INFO mapreduce.Job:  map 37% reduce 0%
2026-08-29 17:52:24,512 INFO mapreduce.Job:  map 40% reduce 0%
2026-08-29 17:52:25,529 INFO mapreduce.Job:  map 41% reduce 0%
2026-08-29 17:52:31,720 INFO mapreduce.Job:  map 42% reduce 0%
2026-08-29 17:52:33,761 INFO mapreduce.Job:  map 44% reduce 0%
2026-08-29 17:52:37,817 INFO mapreduce.Job:  map 45% reduce 0%
2026-08-29 17:52:43,958 INFO mapreduce.Job:  map 47% reduce 0%
2026-08-29 17:52:46,745 INFO mapreduce.Job:  map 49% reduce 0%
2026-08-29 17:52:49,774 INFO mapreduce.Job:  map 50% reduce 0%
2026-08-29 17:52:51,785 INFO mapreduce.Job:  map 51% reduce 13%
2026-08-29 17:52:53,798 INFO mapreduce.Job:  map 52% reduce 13%
2026-08-29 17:52:55,819 INFO mapreduce.Job:  map 53% reduce 13%
2026-08-29 17:52:58,850 INFO mapreduce.Job:  map 54% reduce 13%
2026-08-29 17:52:59,868 INFO mapreduce.Job:  map 55% reduce 13%
2026-08-29 17:53:02,979 INFO mapreduce.Job:  map 58% reduce 13%
2026-08-29 17:53:03,988 INFO mapreduce.Job:  map 58% reduce 17%
2026-08-29 17:53:04,995 INFO mapreduce.Job:  map 59% reduce 17%
2026-08-29 17:53:06,156 INFO mapreduce.Job:  map 60% reduce 17%
2026-08-29 17:53:10,196 INFO mapreduce.Job:  map 61% reduce 17%
2026-08-29 17:53:12,216 INFO mapreduce.Job:  map 62% reduce 17%
2026-08-29 17:53:17,317 INFO mapreduce.Job:  map 66% reduce 17%
2026-08-29 17:53:18,334 INFO mapreduce.Job:  map 67% reduce 17%
2026-08-29 17:53:22,408 INFO mapreduce.Job:  map 70% reduce 20%
2026-08-29 17:53:24,446 INFO mapreduce.Job:  map 72% reduce 20%
2026-08-29 17:53:28,471 INFO mapreduce.Job:  map 72% reduce 23%
2026-08-29 17:53:30,482 INFO mapreduce.Job:  map 73% reduce 23%
2026-08-29 17:53:33,507 INFO mapreduce.Job:  map 83% reduce 23%
2026-08-29 17:53:34,513 INFO mapreduce.Job:  map 83% reduce 27%
2026-08-29 17:53:36,565 INFO mapreduce.Job:  map 84% reduce 27%
2026-08-29 17:53:41,717 INFO mapreduce.Job:  map 94% reduce 27%
2026-08-29 17:53:42,745 INFO mapreduce.Job:  map 96% reduce 27%
2026-08-29 17:53:46,780 INFO mapreduce.Job:  map 96% reduce 30%
2026-08-29 17:53:48,820 INFO mapreduce.Job:  map 97% reduce 30%
2026-08-29 17:53:51,844 INFO mapreduce.Job:  map 100% reduce 30%
2026-08-29 17:53:52,859 INFO mapreduce.Job:  map 100% reduce 100%
2026-08-29 17:53:53,871 INFO mapreduce.Job: Job job_1788022068759_0007 completed successfully
2026-08-29 17:53:53,970 INFO mapreduce.Job: Counters: 55
	File System Counters
		FILE: Number of bytes read=131826
		FILE: Number of bytes written=3813747
		FILE: Number of read operations=0
		FILE: Number of large read operations=0
		FILE: Number of write operations=0
		HDFS: Number of bytes read=1104892837
		HDFS: Number of bytes written=15064
		HDFS: Number of read operations=35
		HDFS: Number of large read operations=0
		HDFS: Number of write operations=2
		HDFS: Number of bytes read erasure-coded=0
	Job Counters 
		Killed map tasks=2
		Launched map tasks=11
		Launched reduce tasks=1
		Data-local map tasks=11
		Total time spent by all maps in occupied slots (ms)=1181444
		Total time spent by all reduces in occupied slots (ms)=173808
		Total time spent by all map tasks (ms)=590722
		Total time spent by all reduce tasks (ms)=86904
		Total vcore-milliseconds taken by all map tasks=590722
		Total vcore-milliseconds taken by all reduce tasks=86904
		Total megabyte-milliseconds taken by all map tasks=604899328
		Total megabyte-milliseconds taken by all reduce tasks=88989696
	Map-Reduce Framework
		Map input records=10493916
		Map output records=10493916
		Map output bytes=345381986
		Map output materialized bytes=131880
		Input split bytes=1110
		Combine input records=10493916
		Combine output records=2563
		Reduce input groups=262
		Reduce shuffle bytes=131880
		Reduce input records=2563
		Reduce output records=262
		Spilled Records=5126
		Shuffled Maps =10
		Failed Shuffles=0
		Merged Map outputs=10
		GC time elapsed (ms)=2539
		CPU time spent (ms)=227070
		Physical memory (bytes) snapshot=3417346048
		Virtual memory (bytes) snapshot=30100045824
		Total committed heap usage (bytes)=2149580800
		Peak Map Physical memory (bytes)=372068352
		Peak Map Virtual memory (bytes)=2752405504
		Peak Reduce Physical memory (bytes)=210677760
		Peak Reduce Virtual memory (bytes)=2739175424
	Shuffle Errors
		BAD_ID=0
		CONNECTION=0
		IO_ERROR=0
		WRONG_LENGTH=0
		WRONG_MAP=0
		WRONG_REDUCE=0
	File Input Format Counters 
		Bytes Read=1104891727
	File Output Format Counters 
		Bytes Written=15064
2026-08-29 17:53:53,970 INFO streaming.StreamJob: Output directory: /taxi_project/output/revenue
ELAPSED_SECONDS=191
