2026-08-29 17:53:56,675 WARN streaming.StreamJob: -file option is deprecated, please use generic option -files instead.
2026-08-29 17:53:56,899 WARN util.NativeCodeLoader: Unable to load native-hadoop library for your platform... using builtin-java classes where applicable
packageJobJar: [mappers/mapper_payment.py, reducers/combiner_sums.py, reducers/reducer_payment.py, /tmp/hadoop-unjar9938241864211710636/] [] /tmp/streamjob14112004340337937838.jar tmpDir=null
2026-08-29 17:53:57,756 INFO client.DefaultNoHARMFailoverProxyProvider: Connecting to ResourceManager at localhost/127.0.0.1:8032
2026-08-29 17:53:57,926 INFO client.DefaultNoHARMFailoverProxyProvider: Connecting to ResourceManager at localhost/127.0.0.1:8032
2026-08-29 17:53:58,329 INFO mapreduce.JobResourceUploader: Disabling Erasure Coding for path: /tmp/hadoop-yarn/staging/root/.staging/job_1788022068759_0008
2026-08-29 17:53:58,797 INFO mapred.FileInputFormat: Total input files to process : 2
2026-08-29 17:53:59,252 INFO mapreduce.JobSubmitter: number of splits:10
2026-08-29 17:53:59,501 INFO mapreduce.JobSubmitter: Submitting tokens for job: job_1788022068759_0008
2026-08-29 17:53:59,501 INFO mapreduce.JobSubmitter: Executing with tokens: []
2026-08-29 17:53:59,726 INFO conf.Configuration: resource-types.xml not found
2026-08-29 17:53:59,727 INFO resource.ResourceUtils: Unable to find 'resource-types.xml'.
2026-08-29 17:53:59,823 INFO impl.YarnClientImpl: Submitted application application_1788022068759_0008
2026-08-29 17:53:59,875 INFO mapreduce.Job: The url to track the job: http://localhost:8088/proxy/application_1788022068759_0008/
2026-08-29 17:53:59,877 INFO mapreduce.Job: Running job: job_1788022068759_0008
2026-08-29 17:54:07,052 INFO mapreduce.Job: Job job_1788022068759_0008 running in uber mode : false
2026-08-29 17:54:07,056 INFO mapreduce.Job:  map 0% reduce 0%
2026-08-29 17:54:31,554 INFO mapreduce.Job:  map 4% reduce 0%
2026-08-29 17:54:37,641 INFO mapreduce.Job:  map 6% reduce 0%
2026-08-29 17:54:38,749 INFO mapreduce.Job:  map 7% reduce 0%
2026-08-29 17:54:43,151 INFO mapreduce.Job:  map 8% reduce 0%
2026-08-29 17:54:44,158 INFO mapreduce.Job:  map 10% reduce 0%
2026-08-29 17:54:49,558 INFO mapreduce.Job:  map 12% reduce 0%
2026-08-29 17:54:50,668 INFO mapreduce.Job:  map 14% reduce 0%
2026-08-29 17:54:55,710 INFO mapreduce.Job:  map 15% reduce 0%
2026-08-29 17:54:56,725 INFO mapreduce.Job:  map 16% reduce 0%
2026-08-29 17:55:01,793 INFO mapreduce.Job:  map 18% reduce 0%
2026-08-29 17:55:02,914 INFO mapreduce.Job:  map 19% reduce 0%
2026-08-29 17:55:08,118 INFO mapreduce.Job:  map 20% reduce 0%
2026-08-29 17:55:09,132 INFO mapreduce.Job:  map 22% reduce 0%
2026-08-29 17:55:14,203 INFO mapreduce.Job:  map 24% reduce 0%
2026-08-29 17:55:15,211 INFO mapreduce.Job:  map 25% reduce 0%
2026-08-29 17:55:20,330 INFO mapreduce.Job:  map 26% reduce 0%
2026-08-29 17:55:21,470 INFO mapreduce.Job:  map 32% reduce 0%
2026-08-29 17:55:26,563 INFO mapreduce.Job:  map 33% reduce 0%
2026-08-29 17:55:30,646 INFO mapreduce.Job:  map 37% reduce 0%
2026-08-29 17:55:31,652 INFO mapreduce.Job:  map 40% reduce 0%
2026-08-29 17:55:47,128 INFO mapreduce.Job:  map 41% reduce 0%
2026-08-29 17:55:49,221 INFO mapreduce.Job:  map 43% reduce 0%
2026-08-29 17:55:53,318 INFO mapreduce.Job:  map 44% reduce 0%
2026-08-29 17:55:55,340 INFO mapreduce.Job:  map 46% reduce 0%
2026-08-29 17:55:56,348 INFO mapreduce.Job:  map 46% reduce 13%
2026-08-29 17:55:59,386 INFO mapreduce.Job:  map 47% reduce 13%
2026-08-29 17:56:01,408 INFO mapreduce.Job:  map 49% reduce 13%
2026-08-29 17:56:05,771 INFO mapreduce.Job:  map 50% reduce 13%
2026-08-29 17:56:07,798 INFO mapreduce.Job:  map 52% reduce 13%
2026-08-29 17:56:11,879 INFO mapreduce.Job:  map 53% reduce 13%
2026-08-29 17:56:13,911 INFO mapreduce.Job:  map 55% reduce 13%
2026-08-29 17:56:20,053 INFO mapreduce.Job:  map 58% reduce 13%
2026-08-29 17:56:25,199 INFO mapreduce.Job:  map 63% reduce 13%
2026-08-29 17:56:26,207 INFO mapreduce.Job:  map 63% reduce 17%
2026-08-29 17:56:30,297 INFO mapreduce.Job:  map 66% reduce 17%
2026-08-29 17:56:31,302 INFO mapreduce.Job:  map 67% reduce 17%
2026-08-29 17:56:32,308 INFO mapreduce.Job:  map 67% reduce 20%
2026-08-29 17:56:33,313 INFO mapreduce.Job:  map 70% reduce 20%
2026-08-29 17:56:38,357 INFO mapreduce.Job:  map 70% reduce 23%
2026-08-29 17:56:46,415 INFO mapreduce.Job:  map 73% reduce 23%
2026-08-29 17:56:50,456 INFO mapreduce.Job:  map 83% reduce 23%
2026-08-29 17:56:51,466 INFO mapreduce.Job:  map 93% reduce 23%
2026-08-29 17:56:52,521 INFO mapreduce.Job:  map 94% reduce 23%
2026-08-29 17:56:56,571 INFO mapreduce.Job:  map 94% reduce 30%
2026-08-29 17:56:58,580 INFO mapreduce.Job:  map 95% reduce 30%
2026-08-29 17:57:04,636 INFO mapreduce.Job:  map 97% reduce 30%
2026-08-29 17:57:07,697 INFO mapreduce.Job:  map 100% reduce 30%
2026-08-29 17:57:08,704 INFO mapreduce.Job:  map 100% reduce 100%
2026-08-29 17:57:09,715 INFO mapreduce.Job: Job job_1788022068759_0008 completed successfully
2026-08-29 17:57:09,813 INFO mapreduce.Job: Counters: 55
	File System Counters
		FILE: Number of bytes read=3315
		FILE: Number of bytes written=3556670
		FILE: Number of read operations=0
		FILE: Number of large read operations=0
		FILE: Number of write operations=0
		HDFS: Number of bytes read=1104892837
		HDFS: Number of bytes written=307
		HDFS: Number of read operations=35
		HDFS: Number of large read operations=0
		HDFS: Number of write operations=2
		HDFS: Number of bytes read erasure-coded=0
	Job Counters 
		Killed map tasks=1
		Launched map tasks=11
		Launched reduce tasks=1
		Data-local map tasks=11
		Total time spent by all maps in occupied slots (ms)=1185708
		Total time spent by all reduces in occupied slots (ms)=192176
		Total time spent by all map tasks (ms)=592854
		Total time spent by all reduce tasks (ms)=96088
		Total vcore-milliseconds taken by all map tasks=592854
		Total vcore-milliseconds taken by all reduce tasks=96088
		Total megabyte-milliseconds taken by all map tasks=607082496
		Total megabyte-milliseconds taken by all reduce tasks=98394112
	Map-Reduce Framework
		Map input records=10493916
		Map output records=10493916
		Map output bytes=397200474
		Map output materialized bytes=3369
		Input split bytes=1110
		Combine input records=10493916
		Combine output records=50
		Reduce input groups=5
		Reduce shuffle bytes=3369
		Reduce input records=50
		Reduce output records=5
		Spilled Records=100
		Shuffled Maps =10
		Failed Shuffles=0
		Merged Map outputs=10
		GC time elapsed (ms)=2247
		CPU time spent (ms)=231960
		Physical memory (bytes) snapshot=3628003328
		Virtual memory (bytes) snapshot=30100520960
		Total committed heap usage (bytes)=2375024640
		Peak Map Physical memory (bytes)=461377536
		Peak Map Virtual memory (bytes)=2752712704
		Peak Reduce Physical memory (bytes)=195473408
		Peak Reduce Virtual memory (bytes)=2739310592
	Shuffle Errors
		BAD_ID=0
		CONNECTION=0
		IO_ERROR=0
		WRONG_LENGTH=0
		WRONG_MAP=0
		WRONG_REDUCE=0
	File Input Format Counters 
		Bytes Read=1104891727
	File Output Format Counters 
		Bytes Written=307
2026-08-29 17:57:09,813 INFO streaming.StreamJob: Output directory: /taxi_project/output/payment
ELAPSED_SECONDS=194
