2026-08-29 17:57:12,448 WARN streaming.StreamJob: -file option is deprecated, please use generic option -files instead.
2026-08-29 17:57:12,662 WARN util.NativeCodeLoader: Unable to load native-hadoop library for your platform... using builtin-java classes where applicable
packageJobJar: [mappers/mapper_distance.py, reducers/combiner_sums.py, reducers/reducer_distance.py, /tmp/hadoop-unjar1774563516649956277/] [] /tmp/streamjob1109330953260223034.jar tmpDir=null
2026-08-29 17:57:13,525 INFO client.DefaultNoHARMFailoverProxyProvider: Connecting to ResourceManager at localhost/127.0.0.1:8032
2026-08-29 17:57:13,696 INFO client.DefaultNoHARMFailoverProxyProvider: Connecting to ResourceManager at localhost/127.0.0.1:8032
2026-08-29 17:57:14,040 INFO mapreduce.JobResourceUploader: Disabling Erasure Coding for path: /tmp/hadoop-yarn/staging/root/.staging/job_1788022068759_0009
2026-08-29 17:57:14,888 INFO mapred.FileInputFormat: Total input files to process : 2
2026-08-29 17:57:15,342 INFO mapreduce.JobSubmitter: number of splits:10
2026-08-29 17:57:15,961 INFO mapreduce.JobSubmitter: Submitting tokens for job: job_1788022068759_0009
2026-08-29 17:57:15,961 INFO mapreduce.JobSubmitter: Executing with tokens: []
2026-08-29 17:57:16,204 INFO conf.Configuration: resource-types.xml not found
2026-08-29 17:57:16,204 INFO resource.ResourceUtils: Unable to find 'resource-types.xml'.
2026-08-29 17:57:16,337 INFO impl.YarnClientImpl: Submitted application application_1788022068759_0009
2026-08-29 17:57:16,401 INFO mapreduce.Job: The url to track the job: http://localhost:8088/proxy/application_1788022068759_0009/
2026-08-29 17:57:16,408 INFO mapreduce.Job: Running job: job_1788022068759_0009
2026-08-29 17:57:23,603 INFO mapreduce.Job: Job job_1788022068759_0009 running in uber mode : false
2026-08-29 17:57:23,604 INFO mapreduce.Job:  map 0% reduce 0%
2026-08-29 17:57:47,117 INFO mapreduce.Job:  map 1% reduce 0%
2026-08-29 17:57:48,256 INFO mapreduce.Job:  map 2% reduce 0%
2026-08-29 17:57:49,264 INFO mapreduce.Job:  map 4% reduce 0%
2026-08-29 17:57:53,596 INFO mapreduce.Job:  map 5% reduce 0%
2026-08-29 17:57:54,604 INFO mapreduce.Job:  map 6% reduce 0%
2026-08-29 17:57:55,620 INFO mapreduce.Job:  map 7% reduce 0%
2026-08-29 17:57:59,671 INFO mapreduce.Job:  map 8% reduce 0%
2026-08-29 17:58:00,745 INFO mapreduce.Job:  map 9% reduce 0%
2026-08-29 17:58:01,781 INFO mapreduce.Job:  map 10% reduce 0%
2026-08-29 17:58:05,953 INFO mapreduce.Job:  map 11% reduce 0%
2026-08-29 17:58:06,962 INFO mapreduce.Job:  map 12% reduce 0%
2026-08-29 17:58:07,970 INFO mapreduce.Job:  map 13% reduce 0%
2026-08-29 17:58:12,001 INFO mapreduce.Job:  map 14% reduce 0%
2026-08-29 17:58:13,008 INFO mapreduce.Job:  map 15% reduce 0%
2026-08-29 17:58:14,016 INFO mapreduce.Job:  map 16% reduce 0%
2026-08-29 17:58:18,071 INFO mapreduce.Job:  map 17% reduce 0%
2026-08-29 17:58:19,141 INFO mapreduce.Job:  map 18% reduce 0%
2026-08-29 17:58:20,206 INFO mapreduce.Job:  map 19% reduce 0%
2026-08-29 17:58:24,268 INFO mapreduce.Job:  map 20% reduce 0%
2026-08-29 17:58:25,285 INFO mapreduce.Job:  map 21% reduce 0%
2026-08-29 17:58:26,293 INFO mapreduce.Job:  map 22% reduce 0%
2026-08-29 17:58:30,397 INFO mapreduce.Job:  map 23% reduce 0%
2026-08-29 17:58:31,421 INFO mapreduce.Job:  map 24% reduce 0%
2026-08-29 17:58:32,549 INFO mapreduce.Job:  map 25% reduce 0%
2026-08-29 17:58:35,736 INFO mapreduce.Job:  map 26% reduce 0%
2026-08-29 17:58:38,068 INFO mapreduce.Job:  map 29% reduce 0%
2026-08-29 17:58:39,074 INFO mapreduce.Job:  map 30% reduce 0%
2026-08-29 17:58:41,168 INFO mapreduce.Job:  map 33% reduce 0%
2026-08-29 17:58:43,485 INFO mapreduce.Job:  map 37% reduce 0%
2026-08-29 17:58:44,496 INFO mapreduce.Job:  map 40% reduce 0%
2026-08-29 17:59:01,795 INFO mapreduce.Job:  map 42% reduce 0%
2026-08-29 17:59:03,839 INFO mapreduce.Job:  map 43% reduce 0%
2026-08-29 17:59:07,960 INFO mapreduce.Job:  map 44% reduce 0%
2026-08-29 17:59:08,966 INFO mapreduce.Job:  map 45% reduce 0%
2026-08-29 17:59:09,975 INFO mapreduce.Job:  map 46% reduce 0%
2026-08-29 17:59:14,095 INFO mapreduce.Job:  map 48% reduce 0%
2026-08-29 17:59:17,171 INFO mapreduce.Job:  map 49% reduce 0%
2026-08-29 17:59:20,194 INFO mapreduce.Job:  map 51% reduce 0%
2026-08-29 17:59:22,234 INFO mapreduce.Job:  map 52% reduce 0%
2026-08-29 17:59:26,601 INFO mapreduce.Job:  map 54% reduce 0%
2026-08-29 17:59:29,882 INFO mapreduce.Job:  map 55% reduce 0%
2026-08-29 17:59:31,977 INFO mapreduce.Job:  map 56% reduce 0%
2026-08-29 17:59:34,220 INFO mapreduce.Job:  map 57% reduce 0%
2026-08-29 17:59:35,235 INFO mapreduce.Job:  map 60% reduce 0%
2026-08-29 17:59:36,243 INFO mapreduce.Job:  map 61% reduce 0%
2026-08-29 17:59:39,273 INFO mapreduce.Job:  map 62% reduce 0%
2026-08-29 17:59:42,292 INFO mapreduce.Job:  map 63% reduce 0%
2026-08-29 17:59:46,499 INFO mapreduce.Job:  map 65% reduce 0%
2026-08-29 17:59:51,629 INFO mapreduce.Job:  map 66% reduce 0%
2026-08-29 17:59:52,642 INFO mapreduce.Job:  map 67% reduce 0%
2026-08-29 17:59:53,652 INFO mapreduce.Job:  map 68% reduce 0%
2026-08-29 17:59:56,670 INFO mapreduce.Job:  map 71% reduce 0%
2026-08-29 17:59:57,677 INFO mapreduce.Job:  map 72% reduce 0%
2026-08-29 17:59:59,740 INFO mapreduce.Job:  map 73% reduce 0%
2026-08-29 18:00:01,836 INFO mapreduce.Job:  map 76% reduce 23%
2026-08-29 18:00:05,855 INFO mapreduce.Job:  map 77% reduce 23%
2026-08-29 18:00:06,860 INFO mapreduce.Job:  map 80% reduce 23%
2026-08-29 18:00:07,866 INFO mapreduce.Job:  map 80% reduce 27%
2026-08-29 18:00:12,018 INFO mapreduce.Job:  map 90% reduce 27%
2026-08-29 18:00:14,030 INFO mapreduce.Job:  map 100% reduce 30%
2026-08-29 18:00:15,034 INFO mapreduce.Job:  map 100% reduce 100%
2026-08-29 18:00:16,048 INFO mapreduce.Job: Job job_1788022068759_0009 completed successfully
2026-08-29 18:00:16,178 INFO mapreduce.Job: Counters: 55
	File System Counters
		FILE: Number of bytes read=3644
		FILE: Number of bytes written=3557471
		FILE: Number of read operations=0
		FILE: Number of large read operations=0
		FILE: Number of write operations=0
		HDFS: Number of bytes read=1104892837
		HDFS: Number of bytes written=339
		HDFS: Number of read operations=35
		HDFS: Number of large read operations=0
		HDFS: Number of write operations=2
		HDFS: Number of bytes read erasure-coded=0
	Job Counters 
		Killed map tasks=1
		Launched map tasks=10
		Launched reduce tasks=1
		Data-local map tasks=10
		Total time spent by all maps in occupied slots (ms)=1235172
		Total time spent by all reduces in occupied slots (ms)=76636
		Total time spent by all map tasks (ms)=617586
		Total time spent by all reduce tasks (ms)=38318
		Total vcore-milliseconds taken by all map tasks=617586
		Total vcore-milliseconds taken by all reduce tasks=38318
		Total megabyte-milliseconds taken by all map tasks=632408064
		Total megabyte-milliseconds taken by all reduce tasks=39237632
	Map-Reduce Framework
		Map input records=10493916
		Map output records=10493916
		Map output bytes=397018861
		Map output materialized bytes=3698
		Input split bytes=1110
		Combine input records=10493916
		Combine output records=50
		Reduce input groups=5
		Reduce shuffle bytes=3698
		Reduce input records=50
		Reduce output records=5
		Spilled Records=100
		Shuffled Maps =10
		Failed Shuffles=0
		Merged Map outputs=10
		GC time elapsed (ms)=2332
		CPU time spent (ms)=226630
		Physical memory (bytes) snapshot=3536216064
		Virtual memory (bytes) snapshot=30103388160
		Total committed heap usage (bytes)=2242904064
		Peak Map Physical memory (bytes)=362856448
		Peak Map Virtual memory (bytes)=2752442368
		Peak Reduce Physical memory (bytes)=205524992
		Peak Reduce Virtual memory (bytes)=2743087104
	Shuffle Errors
		BAD_ID=0
		CONNECTION=0
		IO_ERROR=0
		WRONG_LENGTH=0
		WRONG_MAP=0
		WRONG_REDUCE=0
	File Input Format Counters 
		Bytes Read=1104891727
	File Output Format Counters 
		Bytes Written=339
2026-08-29 18:00:16,178 INFO streaming.StreamJob: Output directory: /taxi_project/output/distance
ELAPSED_SECONDS=185
