2026-08-29 18:00:19,150 WARN streaming.StreamJob: -file option is deprecated, please use generic option -files instead.
2026-08-29 18:00:19,380 WARN util.NativeCodeLoader: Unable to load native-hadoop library for your platform... using builtin-java classes where applicable
packageJobJar: [mappers/mapper_route.py, reducers/combiner_sums.py, reducers/reducer_route.py, /tmp/hadoop-unjar9681743968160057798/] [] /tmp/streamjob1066481526290238403.jar tmpDir=null
2026-08-29 18:00:20,234 INFO client.DefaultNoHARMFailoverProxyProvider: Connecting to ResourceManager at localhost/127.0.0.1:8032
2026-08-29 18:00:20,395 INFO client.DefaultNoHARMFailoverProxyProvider: Connecting to ResourceManager at localhost/127.0.0.1:8032
2026-08-29 18:00:20,761 INFO mapreduce.JobResourceUploader: Disabling Erasure Coding for path: /tmp/hadoop-yarn/staging/root/.staging/job_1788022068759_0010
2026-08-29 18:00:21,675 INFO mapred.FileInputFormat: Total input files to process : 2
2026-08-29 18:00:22,130 INFO mapreduce.JobSubmitter: number of splits:10
2026-08-29 18:00:22,759 INFO mapreduce.JobSubmitter: Submitting tokens for job: job_1788022068759_0010
2026-08-29 18:00:22,759 INFO mapreduce.JobSubmitter: Executing with tokens: []
2026-08-29 18:00:22,989 INFO conf.Configuration: resource-types.xml not found
2026-08-29 18:00:22,989 INFO resource.ResourceUtils: Unable to find 'resource-types.xml'.
2026-08-29 18:00:23,089 INFO impl.YarnClientImpl: Submitted application application_1788022068759_0010
2026-08-29 18:00:23,129 INFO mapreduce.Job: The url to track the job: http://localhost:8088/proxy/application_1788022068759_0010/
2026-08-29 18:00:23,130 INFO mapreduce.Job: Running job: job_1788022068759_0010
2026-08-29 18:00:31,298 INFO mapreduce.Job: Job job_1788022068759_0010 running in uber mode : false
2026-08-29 18:00:31,300 INFO mapreduce.Job:  map 0% reduce 0%
2026-08-29 18:00:55,124 INFO mapreduce.Job:  map 5% reduce 0%
2026-08-29 18:01:01,454 INFO mapreduce.Job:  map 8% reduce 0%
2026-08-29 18:01:07,531 INFO mapreduce.Job:  map 9% reduce 0%
2026-08-29 18:01:08,540 INFO mapreduce.Job:  map 11% reduce 0%
2026-08-29 18:01:13,694 INFO mapreduce.Job:  map 13% reduce 0%
2026-08-29 18:01:14,709 INFO mapreduce.Job:  map 14% reduce 0%
2026-08-29 18:01:19,778 INFO mapreduce.Job:  map 16% reduce 0%
2026-08-29 18:01:20,811 INFO mapreduce.Job:  map 17% reduce 0%
2026-08-29 18:01:25,886 INFO mapreduce.Job:  map 18% reduce 0%
2026-08-29 18:01:26,915 INFO mapreduce.Job:  map 20% reduce 0%
2026-08-29 18:01:31,992 INFO mapreduce.Job:  map 21% reduce 0%
2026-08-29 18:01:33,053 INFO mapreduce.Job:  map 23% reduce 0%
2026-08-29 18:01:38,165 INFO mapreduce.Job:  map 24% reduce 0%
2026-08-29 18:01:44,289 INFO mapreduce.Job:  map 32% reduce 0%
2026-08-29 18:01:50,389 INFO mapreduce.Job:  map 33% reduce 0%
2026-08-29 18:01:58,702 INFO mapreduce.Job:  map 37% reduce 0%
2026-08-29 18:02:00,721 INFO mapreduce.Job:  map 40% reduce 0%
2026-08-29 18:02:06,387 INFO mapreduce.Job:  map 42% reduce 0%
2026-08-29 18:02:08,453 INFO mapreduce.Job:  map 43% reduce 0%
2026-08-29 18:02:12,775 INFO mapreduce.Job:  map 44% reduce 0%
2026-08-29 18:02:14,813 INFO mapreduce.Job:  map 45% reduce 0%
2026-08-29 18:02:18,949 INFO mapreduce.Job:  map 46% reduce 0%
2026-08-29 18:02:20,965 INFO mapreduce.Job:  map 47% reduce 0%
2026-08-29 18:02:25,046 INFO mapreduce.Job:  map 48% reduce 0%
2026-08-29 18:02:26,056 INFO mapreduce.Job:  map 49% reduce 0%
2026-08-29 18:02:27,062 INFO mapreduce.Job:  map 50% reduce 0%
2026-08-29 18:02:31,342 INFO mapreduce.Job:  map 51% reduce 7%
2026-08-29 18:02:32,353 INFO mapreduce.Job:  map 53% reduce 7%
2026-08-29 18:02:37,410 INFO mapreduce.Job:  map 54% reduce 7%
2026-08-29 18:02:38,417 INFO mapreduce.Job:  map 56% reduce 7%
2026-08-29 18:02:43,945 INFO mapreduce.Job:  map 57% reduce 7%
2026-08-29 18:02:44,954 INFO mapreduce.Job:  map 61% reduce 7%
2026-08-29 18:02:49,319 INFO mapreduce.Job:  map 61% reduce 8%
2026-08-29 18:02:50,326 INFO mapreduce.Job:  map 63% reduce 8%
2026-08-29 18:02:54,353 INFO mapreduce.Job:  map 66% reduce 8%
2026-08-29 18:02:55,365 INFO mapreduce.Job:  map 66% reduce 10%
2026-08-29 18:02:56,379 INFO mapreduce.Job:  map 67% reduce 10%
2026-08-29 18:03:01,542 INFO mapreduce.Job:  map 70% reduce 10%
2026-08-29 18:03:06,575 INFO mapreduce.Job:  map 72% reduce 10%
2026-08-29 18:03:07,580 INFO mapreduce.Job:  map 72% reduce 12%
2026-08-29 18:03:12,608 INFO mapreduce.Job:  map 74% reduce 12%
2026-08-29 18:03:13,613 INFO mapreduce.Job:  map 84% reduce 12%
2026-08-29 18:03:16,830 INFO mapreduce.Job:  map 84% reduce 25%
2026-08-29 18:03:18,851 INFO mapreduce.Job:  map 85% reduce 25%
2026-08-29 18:03:19,868 INFO mapreduce.Job:  map 85% reduce 27%
2026-08-29 18:03:24,890 INFO mapreduce.Job:  map 87% reduce 27%
2026-08-29 18:03:28,939 INFO mapreduce.Job:  map 90% reduce 27%
2026-08-29 18:03:29,943 INFO mapreduce.Job:  map 100% reduce 27%
2026-08-29 18:03:31,957 INFO mapreduce.Job:  map 100% reduce 87%
2026-08-29 18:03:32,963 INFO mapreduce.Job:  map 100% reduce 100%
2026-08-29 18:03:33,977 INFO mapreduce.Job: Job job_1788022068759_0010 completed successfully
2026-08-29 18:03:34,194 INFO mapreduce.Job: Counters: 55
	File System Counters
		FILE: Number of bytes read=9128648
		FILE: Number of bytes written=22130162
		FILE: Number of read operations=0
		FILE: Number of large read operations=0
		FILE: Number of write operations=0
		HDFS: Number of bytes read=1104892837
		HDFS: Number of bytes written=1753306
		HDFS: Number of read operations=40
		HDFS: Number of large read operations=0
		HDFS: Number of write operations=4
		HDFS: Number of bytes read erasure-coded=0
	Job Counters 
		Killed map tasks=1
		Launched map tasks=10
		Launched reduce tasks=2
		Data-local map tasks=10
		Total time spent by all maps in occupied slots (ms)=1151842
		Total time spent by all reduces in occupied slots (ms)=255346
		Total time spent by all map tasks (ms)=575921
		Total time spent by all reduce tasks (ms)=127673
		Total vcore-milliseconds taken by all map tasks=575921
		Total vcore-milliseconds taken by all reduce tasks=127673
		Total megabyte-milliseconds taken by all map tasks=589743104
		Total megabyte-milliseconds taken by all reduce tasks=130737152
	Map-Reduce Framework
		Map input records=10493916
		Map output records=10493916
		Map output bytes=291266960
		Map output materialized bytes=9128756
		Input split bytes=1110
		Combine input records=10493916
		Combine output records=254422
		Reduce input groups=47937
		Reduce shuffle bytes=9128756
		Reduce input records=254422
		Reduce output records=47937
		Spilled Records=508844
		Shuffled Maps =20
		Failed Shuffles=0
		Merged Map outputs=20
		GC time elapsed (ms)=2038
		CPU time spent (ms)=243400
		Physical memory (bytes) snapshot=3830771712
		Virtual memory (bytes) snapshot=32838561792
		Total committed heap usage (bytes)=2363490304
		Peak Map Physical memory (bytes)=379539456
		Peak Map Virtual memory (bytes)=2752401408
		Peak Reduce Physical memory (bytes)=210776064
		Peak Reduce Virtual memory (bytes)=2753523712
	Shuffle Errors
		BAD_ID=0
		CONNECTION=0
		IO_ERROR=0
		WRONG_LENGTH=0
		WRONG_MAP=0
		WRONG_REDUCE=0
	File Input Format Counters 
		Bytes Read=1104891727
	File Output Format Counters 
		Bytes Written=1753306
2026-08-29 18:03:34,194 INFO streaming.StreamJob: Output directory: /taxi_project/output/routes
ELAPSED_SECONDS=196
