2026-08-29 18:03:37,479 WARN streaming.StreamJob: -file option is deprecated, please use generic option -files instead.
2026-08-29 18:03:37,711 WARN util.NativeCodeLoader: Unable to load native-hadoop library for your platform... using builtin-java classes where applicable
packageJobJar: [mappers/mapper_duration.py, reducers/combiner_sums.py, reducers/reducer_duration.py, /tmp/hadoop-unjar7997126524872291126/] [] /tmp/streamjob10056051239415702900.jar tmpDir=null
2026-08-29 18:03:38,634 INFO client.DefaultNoHARMFailoverProxyProvider: Connecting to ResourceManager at localhost/127.0.0.1:8032
2026-08-29 18:03:38,801 INFO client.DefaultNoHARMFailoverProxyProvider: Connecting to ResourceManager at localhost/127.0.0.1:8032
2026-08-29 18:03:39,112 INFO mapreduce.JobResourceUploader: Disabling Erasure Coding for path: /tmp/hadoop-yarn/staging/root/.staging/job_1788022068759_0011
2026-08-29 18:03:40,008 INFO mapred.FileInputFormat: Total input files to process : 2
2026-08-29 18:03:40,458 INFO mapreduce.JobSubmitter: number of splits:10
2026-08-29 18:03:40,672 INFO mapreduce.JobSubmitter: Submitting tokens for job: job_1788022068759_0011
2026-08-29 18:03:40,672 INFO mapreduce.JobSubmitter: Executing with tokens: []
2026-08-29 18:03:40,887 INFO conf.Configuration: resource-types.xml not found
2026-08-29 18:03:40,887 INFO resource.ResourceUtils: Unable to find 'resource-types.xml'.
2026-08-29 18:03:40,965 INFO impl.YarnClientImpl: Submitted application application_1788022068759_0011
2026-08-29 18:03:41,009 INFO mapreduce.Job: The url to track the job: http://localhost:8088/proxy/application_1788022068759_0011/
2026-08-29 18:03:41,010 INFO mapreduce.Job: Running job: job_1788022068759_0011
2026-08-29 18:03:48,224 INFO mapreduce.Job: Job job_1788022068759_0011 running in uber mode : false
2026-08-29 18:03:48,225 INFO mapreduce.Job:  map 0% reduce 0%
2026-08-29 18:04:12,484 INFO mapreduce.Job:  map 1% reduce 0%
2026-08-29 18:04:13,591 INFO mapreduce.Job:  map 3% reduce 0%
2026-08-29 18:04:14,602 INFO mapreduce.Job:  map 4% reduce 0%
2026-08-29 18:04:18,739 INFO mapreduce.Job:  map 5% reduce 0%
2026-08-29 18:04:19,761 INFO mapreduce.Job:  map 7% reduce 0%
2026-08-29 18:04:24,905 INFO mapreduce.Job:  map 8% reduce 0%
2026-08-29 18:04:26,018 INFO mapreduce.Job:  map 9% reduce 0%
2026-08-29 18:04:27,047 INFO mapreduce.Job:  map 10% reduce 0%
2026-08-29 18:04:30,144 INFO mapreduce.Job:  map 12% reduce 0%
2026-08-29 18:04:33,206 INFO mapreduce.Job:  map 13% reduce 0%
2026-08-29 18:04:37,275 INFO mapreduce.Job:  map 14% reduce 0%
2026-08-29 18:04:38,289 INFO mapreduce.Job:  map 15% reduce 0%
2026-08-29 18:04:39,297 INFO mapreduce.Job:  map 16% reduce 0%
2026-08-29 18:04:43,344 INFO mapreduce.Job:  map 17% reduce 0%
2026-08-29 18:04:44,352 INFO mapreduce.Job:  map 18% reduce 0%
2026-08-29 18:04:45,570 INFO mapreduce.Job:  map 19% reduce 0%
2026-08-29 18:04:50,945 INFO mapreduce.Job:  map 22% reduce 0%
2026-08-29 18:04:55,047 INFO mapreduce.Job:  map 25% reduce 0%
2026-08-29 18:04:57,076 INFO mapreduce.Job:  map 27% reduce 0%
2026-08-29 18:05:03,283 INFO mapreduce.Job:  map 29% reduce 0%
2026-08-29 18:05:09,428 INFO mapreduce.Job:  map 33% reduce 0%
2026-08-29 18:05:10,445 INFO mapreduce.Job:  map 37% reduce 0%
2026-08-29 18:05:15,587 INFO mapreduce.Job:  map 40% reduce 0%
2026-08-29 18:05:21,657 INFO mapreduce.Job:  map 42% reduce 0%
2026-08-29 18:05:27,825 INFO mapreduce.Job:  map 43% reduce 0%
2026-08-29 18:05:35,070 INFO mapreduce.Job:  map 45% reduce 0%
2026-08-29 18:05:36,082 INFO mapreduce.Job:  map 46% reduce 0%
2026-08-29 18:05:40,114 INFO mapreduce.Job:  map 47% reduce 0%
2026-08-29 18:05:41,119 INFO mapreduce.Job:  map 48% reduce 0%
2026-08-29 18:05:42,134 INFO mapreduce.Job:  map 49% reduce 0%
2026-08-29 18:05:46,201 INFO mapreduce.Job:  map 49% reduce 13%
2026-08-29 18:05:47,208 INFO mapreduce.Job:  map 50% reduce 13%
2026-08-29 18:05:48,216 INFO mapreduce.Job:  map 52% reduce 13%
2026-08-29 18:05:53,352 INFO mapreduce.Job:  map 53% reduce 13%
2026-08-29 18:05:54,361 INFO mapreduce.Job:  map 54% reduce 13%
2026-08-29 18:05:58,412 INFO mapreduce.Job:  map 55% reduce 13%
2026-08-29 18:05:59,453 INFO mapreduce.Job:  map 56% reduce 13%
2026-08-29 18:06:00,494 INFO mapreduce.Job:  map 57% reduce 13%
2026-08-29 18:06:04,571 INFO mapreduce.Job:  map 58% reduce 13%
2026-08-29 18:06:05,575 INFO mapreduce.Job:  map 59% reduce 13%
2026-08-29 18:06:06,580 INFO mapreduce.Job:  map 60% reduce 13%
2026-08-29 18:06:08,603 INFO mapreduce.Job:  map 63% reduce 13%
2026-08-29 18:06:10,614 INFO mapreduce.Job:  map 63% reduce 17%
2026-08-29 18:06:12,629 INFO mapreduce.Job:  map 67% reduce 17%
2026-08-29 18:06:13,635 INFO mapreduce.Job:  map 70% reduce 17%
2026-08-29 18:06:16,668 INFO mapreduce.Job:  map 70% reduce 23%
2026-08-29 18:06:29,807 INFO mapreduce.Job:  map 71% reduce 23%
2026-08-29 18:06:30,814 INFO mapreduce.Job:  map 81% reduce 23%
2026-08-29 18:06:31,835 INFO mapreduce.Job:  map 91% reduce 23%
2026-08-29 18:06:34,851 INFO mapreduce.Job:  map 91% reduce 30%
2026-08-29 18:06:35,860 INFO mapreduce.Job:  map 93% reduce 30%
2026-08-29 18:06:41,893 INFO mapreduce.Job:  map 94% reduce 30%
2026-08-29 18:06:47,936 INFO mapreduce.Job:  map 96% reduce 30%
2026-08-29 18:06:53,960 INFO mapreduce.Job:  map 97% reduce 30%
2026-08-29 18:06:56,983 INFO mapreduce.Job:  map 100% reduce 30%
2026-08-29 18:06:57,991 INFO mapreduce.Job:  map 100% reduce 100%
2026-08-29 18:06:58,000 INFO mapreduce.Job: Job job_1788022068759_0011 completed successfully
2026-08-29 18:06:58,094 INFO mapreduce.Job: Counters: 55
	File System Counters
		FILE: Number of bytes read=4454
		FILE: Number of bytes written=3559036
		FILE: Number of read operations=0
		FILE: Number of large read operations=0
		FILE: Number of write operations=0
		HDFS: Number of bytes read=1104892837
		HDFS: Number of bytes written=412
		HDFS: Number of read operations=35
		HDFS: Number of large read operations=0
		HDFS: Number of write operations=2
		HDFS: Number of bytes read erasure-coded=0
	Job Counters 
		Killed map tasks=1
		Launched map tasks=11
		Launched reduce tasks=1
		Data-local map tasks=11
		Total time spent by all maps in occupied slots (ms)=1224136
		Total time spent by all reduces in occupied slots (ms)=201856
		Total time spent by all map tasks (ms)=612068
		Total time spent by all reduce tasks (ms)=100928
		Total vcore-milliseconds taken by all map tasks=612068
		Total vcore-milliseconds taken by all reduce tasks=100928
		Total megabyte-milliseconds taken by all map tasks=626757632
		Total megabyte-milliseconds taken by all reduce tasks=103350272
	Map-Reduce Framework
		Map input records=10493916
		Map output records=10493916
		Map output bytes=421025797
		Map output materialized bytes=4508
		Input split bytes=1110
		Combine input records=10493916
		Combine output records=60
		Reduce input groups=6
		Reduce shuffle bytes=4508
		Reduce input records=60
		Reduce output records=6
		Spilled Records=120
		Shuffled Maps =10
		Failed Shuffles=0
		Merged Map outputs=10
		GC time elapsed (ms)=2435
		CPU time spent (ms)=240910
		Physical memory (bytes) snapshot=3542941696
		Virtual memory (bytes) snapshot=30100766720
		Total committed heap usage (bytes)=2212495360
		Peak Map Physical memory (bytes)=693915648
		Peak Map Virtual memory (bytes)=5467885568
		Peak Reduce Physical memory (bytes)=199282688
		Peak Reduce Virtual memory (bytes)=2739040256
	Shuffle Errors
		BAD_ID=0
		CONNECTION=0
		IO_ERROR=0
		WRONG_LENGTH=0
		WRONG_MAP=0
		WRONG_REDUCE=0
	File Input Format Counters 
		Bytes Read=1104891727
	File Output Format Counters 
		Bytes Written=412
2026-08-29 18:06:58,094 INFO streaming.StreamJob: Output directory: /taxi_project/output/duration
ELAPSED_SECONDS=202
