2026-08-29 18:10:16,413 WARN streaming.StreamJob: -file option is deprecated, please use generic option -files instead.
2026-08-29 18:10:16,620 WARN util.NativeCodeLoader: Unable to load native-hadoop library for your platform... using builtin-java classes where applicable
packageJobJar: [mappers/mapper_topn.py, reducers/reducer_topn.py, /tmp/hadoop-unjar18249913317020270713/] [] /tmp/streamjob911154536038461607.jar tmpDir=null
2026-08-29 18:10:17,423 INFO client.DefaultNoHARMFailoverProxyProvider: Connecting to ResourceManager at localhost/127.0.0.1:8032
2026-08-29 18:10:17,609 INFO client.DefaultNoHARMFailoverProxyProvider: Connecting to ResourceManager at localhost/127.0.0.1:8032
2026-08-29 18:10:17,919 INFO mapreduce.JobResourceUploader: Disabling Erasure Coding for path: /tmp/hadoop-yarn/staging/root/.staging/job_1788022068759_0013
2026-08-29 18:10:18,319 INFO mapred.FileInputFormat: Total input files to process : 1
2026-08-29 18:10:18,385 INFO mapreduce.JobSubmitter: number of splits:2
2026-08-29 18:10:18,677 INFO mapreduce.JobSubmitter: Submitting tokens for job: job_1788022068759_0013
2026-08-29 18:10:18,677 INFO mapreduce.JobSubmitter: Executing with tokens: []
2026-08-29 18:10:18,905 INFO conf.Configuration: resource-types.xml not found
2026-08-29 18:10:18,905 INFO resource.ResourceUtils: Unable to find 'resource-types.xml'.
2026-08-29 18:10:19,011 INFO impl.YarnClientImpl: Submitted application application_1788022068759_0013
2026-08-29 18:10:19,052 INFO mapreduce.Job: The url to track the job: http://localhost:8088/proxy/application_1788022068759_0013/
2026-08-29 18:10:19,054 INFO mapreduce.Job: Running job: job_1788022068759_0013
2026-08-29 18:10:26,326 INFO mapreduce.Job: Job job_1788022068759_0013 running in uber mode : false
2026-08-29 18:10:26,327 INFO mapreduce.Job:  map 0% reduce 0%
2026-08-29 18:10:34,493 INFO mapreduce.Job:  map 50% reduce 0%
2026-08-29 18:10:35,522 INFO mapreduce.Job:  map 100% reduce 0%
2026-08-29 18:10:41,579 INFO mapreduce.Job:  map 100% reduce 100%
2026-08-29 18:10:41,599 INFO mapreduce.Job: Job job_1788022068759_0013 completed successfully
2026-08-29 18:10:41,690 INFO mapreduce.Job: Counters: 54
	File System Counters
		FILE: Number of bytes read=1760
		FILE: Number of bytes written=969678
		FILE: Number of read operations=0
		FILE: Number of large read operations=0
		FILE: Number of write operations=0
		HDFS: Number of bytes read=22820
		HDFS: Number of bytes written=681
		HDFS: Number of read operations=11
		HDFS: Number of large read operations=0
		HDFS: Number of write operations=2
		HDFS: Number of bytes read erasure-coded=0
	Job Counters 
		Launched map tasks=2
		Launched reduce tasks=1
		Data-local map tasks=2
		Total time spent by all maps in occupied slots (ms)=24040
		Total time spent by all reduces in occupied slots (ms)=6692
		Total time spent by all map tasks (ms)=12020
		Total time spent by all reduce tasks (ms)=3346
		Total vcore-milliseconds taken by all map tasks=12020
		Total vcore-milliseconds taken by all reduce tasks=3346
		Total megabyte-milliseconds taken by all map tasks=12308480
		Total megabyte-milliseconds taken by all reduce tasks=3426304
	Map-Reduce Framework
		Map input records=262
		Map output records=20
		Map output bytes=1714
		Map output materialized bytes=1766
		Input split bytes=224
		Combine input records=0
		Combine output records=0
		Reduce input groups=1
		Reduce shuffle bytes=1766
		Reduce input records=20
		Reduce output records=10
		Spilled Records=40
		Shuffled Maps =2
		Failed Shuffles=0
		Merged Map outputs=2
		GC time elapsed (ms)=121
		CPU time spent (ms)=2480
		Physical memory (bytes) snapshot=777822208
		Virtual memory (bytes) snapshot=8211451904
		Total committed heap usage (bytes)=482344960
		Peak Map Physical memory (bytes)=287727616
		Peak Map Virtual memory (bytes)=2736185344
		Peak Reduce Physical memory (bytes)=204541952
		Peak Reduce Virtual memory (bytes)=2739376128
	Shuffle Errors
		BAD_ID=0
		CONNECTION=0
		IO_ERROR=0
		WRONG_LENGTH=0
		WRONG_MAP=0
		WRONG_REDUCE=0
	File Input Format Counters 
		Bytes Read=22596
	File Output Format Counters 
		Bytes Written=681
2026-08-29 18:10:41,690 INFO streaming.StreamJob: Output directory: /taxi_project/output/top10_revenue_zones
ELAPSED_SECONDS=26
