2026-08-29 18:10:44,416 WARN streaming.StreamJob: -file option is deprecated, please use generic option -files instead.
2026-08-29 18:10:44,612 WARN util.NativeCodeLoader: Unable to load native-hadoop library for your platform... using builtin-java classes where applicable
packageJobJar: [mappers/mapper_topn.py, reducers/reducer_topn.py, /tmp/hadoop-unjar12088178502814539309/] [] /tmp/streamjob10797291252156338652.jar tmpDir=null
2026-08-29 18:10:45,499 INFO client.DefaultNoHARMFailoverProxyProvider: Connecting to ResourceManager at localhost/127.0.0.1:8032
2026-08-29 18:10:45,673 INFO client.DefaultNoHARMFailoverProxyProvider: Connecting to ResourceManager at localhost/127.0.0.1:8032
2026-08-29 18:10:46,039 INFO mapreduce.JobResourceUploader: Disabling Erasure Coding for path: /tmp/hadoop-yarn/staging/root/.staging/job_1788022068759_0014
2026-08-29 18:10:46,596 INFO mapred.FileInputFormat: Total input files to process : 1
2026-08-29 18:10:46,652 INFO mapreduce.JobSubmitter: number of splits:2
2026-08-29 18:10:46,929 INFO mapreduce.JobSubmitter: Submitting tokens for job: job_1788022068759_0014
2026-08-29 18:10:46,929 INFO mapreduce.JobSubmitter: Executing with tokens: []
2026-08-29 18:10:47,155 INFO conf.Configuration: resource-types.xml not found
2026-08-29 18:10:47,156 INFO resource.ResourceUtils: Unable to find 'resource-types.xml'.
2026-08-29 18:10:47,241 INFO impl.YarnClientImpl: Submitted application application_1788022068759_0014
2026-08-29 18:10:47,290 INFO mapreduce.Job: The url to track the job: http://localhost:8088/proxy/application_1788022068759_0014/
2026-08-29 18:10:47,292 INFO mapreduce.Job: Running job: job_1788022068759_0014
2026-08-29 18:10:54,588 INFO mapreduce.Job: Job job_1788022068759_0014 running in uber mode : false
2026-08-29 18:10:54,589 INFO mapreduce.Job:  map 0% reduce 0%
2026-08-29 18:11:02,741 INFO mapreduce.Job:  map 100% reduce 0%
2026-08-29 18:11:07,819 INFO mapreduce.Job:  map 100% reduce 100%
2026-08-29 18:11:08,843 INFO mapreduce.Job: Job job_1788022068759_0014 completed successfully
2026-08-29 18:11:08,967 INFO mapreduce.Job: Counters: 54
	File System Counters
		FILE: Number of bytes read=646
		FILE: Number of bytes written=967447
		FILE: Number of read operations=0
		FILE: Number of large read operations=0
		FILE: Number of write operations=0
		HDFS: Number of bytes read=3822
		HDFS: Number of bytes written=131
		HDFS: Number of read operations=11
		HDFS: Number of large read operations=0
		HDFS: Number of write operations=2
		HDFS: Number of bytes read erasure-coded=0
	Job Counters 
		Launched map tasks=2
		Launched reduce tasks=1
		Data-local map tasks=2
		Total time spent by all maps in occupied slots (ms)=22180
		Total time spent by all reduces in occupied slots (ms)=6310
		Total time spent by all map tasks (ms)=11090
		Total time spent by all reduce tasks (ms)=3155
		Total vcore-milliseconds taken by all map tasks=11090
		Total vcore-milliseconds taken by all reduce tasks=3155
		Total megabyte-milliseconds taken by all map tasks=11356160
		Total megabyte-milliseconds taken by all reduce tasks=3230720
	Map-Reduce Framework
		Map input records=262
		Map output records=20
		Map output bytes=600
		Map output materialized bytes=652
		Input split bytes=228
		Combine input records=0
		Combine output records=0
		Reduce input groups=1
		Reduce shuffle bytes=652
		Reduce input records=20
		Reduce output records=10
		Spilled Records=40
		Shuffled Maps =2
		Failed Shuffles=0
		Merged Map outputs=2
		GC time elapsed (ms)=138
		CPU time spent (ms)=2400
		Physical memory (bytes) snapshot=780320768
		Virtual memory (bytes) snapshot=8211652608
		Total committed heap usage (bytes)=476053504
		Peak Map Physical memory (bytes)=300965888
		Peak Map Virtual memory (bytes)=2736263168
		Peak Reduce Physical memory (bytes)=193736704
		Peak Reduce Virtual memory (bytes)=2739363840
	Shuffle Errors
		BAD_ID=0
		CONNECTION=0
		IO_ERROR=0
		WRONG_LENGTH=0
		WRONG_MAP=0
		WRONG_REDUCE=0
	File Input Format Counters 
		Bytes Read=3594
	File Output Format Counters 
		Bytes Written=131
2026-08-29 18:11:08,967 INFO streaming.StreamJob: Output directory: /taxi_project/output/top10_zones_trips
ELAPSED_SECONDS=26
