2026-08-29 18:11:11,625 WARN streaming.StreamJob: -file option is deprecated, please use generic option -files instead.
2026-08-29 18:11:11,822 WARN util.NativeCodeLoader: Unable to load native-hadoop library for your platform... using builtin-java classes where applicable
packageJobJar: [mappers/mapper_topn.py, reducers/reducer_topn.py, /tmp/hadoop-unjar4399224405697838874/] [] /tmp/streamjob10308658417386771115.jar tmpDir=null
2026-08-29 18:11:12,614 INFO client.DefaultNoHARMFailoverProxyProvider: Connecting to ResourceManager at localhost/127.0.0.1:8032
2026-08-29 18:11:12,780 INFO client.DefaultNoHARMFailoverProxyProvider: Connecting to ResourceManager at localhost/127.0.0.1:8032
2026-08-29 18:11:13,107 INFO mapreduce.JobResourceUploader: Disabling Erasure Coding for path: /tmp/hadoop-yarn/staging/root/.staging/job_1788022068759_0015
2026-08-29 18:11:13,548 INFO mapred.FileInputFormat: Total input files to process : 1
2026-08-29 18:11:14,025 INFO mapreduce.JobSubmitter: number of splits:2
2026-08-29 18:11:14,642 INFO mapreduce.JobSubmitter: Submitting tokens for job: job_1788022068759_0015
2026-08-29 18:11:14,642 INFO mapreduce.JobSubmitter: Executing with tokens: []
2026-08-29 18:11:14,845 INFO conf.Configuration: resource-types.xml not found
2026-08-29 18:11:14,846 INFO resource.ResourceUtils: Unable to find 'resource-types.xml'.
2026-08-29 18:11:14,941 INFO impl.YarnClientImpl: Submitted application application_1788022068759_0015
2026-08-29 18:11:14,988 INFO mapreduce.Job: The url to track the job: http://localhost:8088/proxy/application_1788022068759_0015/
2026-08-29 18:11:14,989 INFO mapreduce.Job: Running job: job_1788022068759_0015
2026-08-29 18:11:22,223 INFO mapreduce.Job: Job job_1788022068759_0015 running in uber mode : false
2026-08-29 18:11:22,225 INFO mapreduce.Job:  map 0% reduce 0%
2026-08-29 18:11:30,375 INFO mapreduce.Job:  map 100% reduce 0%
2026-08-29 18:11:36,469 INFO mapreduce.Job:  map 100% reduce 100%
2026-08-29 18:11:37,502 INFO mapreduce.Job: Job job_1788022068759_0015 completed successfully
2026-08-29 18:11:37,604 INFO mapreduce.Job: Counters: 54
	File System Counters
		FILE: Number of bytes read=494
		FILE: Number of bytes written=967158
		FILE: Number of read operations=0
		FILE: Number of large read operations=0
		FILE: Number of write operations=0
		HDFS: Number of bytes read=3822
		HDFS: Number of bytes written=85
		HDFS: Number of read operations=11
		HDFS: Number of large read operations=0
		HDFS: Number of write operations=2
		HDFS: Number of bytes read erasure-coded=0
	Job Counters 
		Launched map tasks=2
		Launched reduce tasks=1
		Data-local map tasks=2
		Total time spent by all maps in occupied slots (ms)=23884
		Total time spent by all reduces in occupied slots (ms)=6742
		Total time spent by all map tasks (ms)=11942
		Total time spent by all reduce tasks (ms)=3371
		Total vcore-milliseconds taken by all map tasks=11942
		Total vcore-milliseconds taken by all reduce tasks=3371
		Total megabyte-milliseconds taken by all map tasks=12228608
		Total megabyte-milliseconds taken by all reduce tasks=3451904
	Map-Reduce Framework
		Map input records=262
		Map output records=20
		Map output bytes=448
		Map output materialized bytes=500
		Input split bytes=228
		Combine input records=0
		Combine output records=0
		Reduce input groups=1
		Reduce shuffle bytes=500
		Reduce input records=20
		Reduce output records=10
		Spilled Records=40
		Shuffled Maps =2
		Failed Shuffles=0
		Merged Map outputs=2
		GC time elapsed (ms)=135
		CPU time spent (ms)=2420
		Physical memory (bytes) snapshot=789999616
		Virtual memory (bytes) snapshot=8211460096
		Total committed heap usage (bytes)=482344960
		Peak Map Physical memory (bytes)=299307008
		Peak Map Virtual memory (bytes)=2736177152
		Peak Reduce Physical memory (bytes)=203694080
		Peak Reduce Virtual memory (bytes)=2739392512
	Shuffle Errors
		BAD_ID=0
		CONNECTION=0
		IO_ERROR=0
		WRONG_LENGTH=0
		WRONG_MAP=0
		WRONG_REDUCE=0
	File Input Format Counters 
		Bytes Read=3594
	File Output Format Counters 
		Bytes Written=85
2026-08-29 18:11:37,604 INFO streaming.StreamJob: Output directory: /taxi_project/output/bottom10_zones_trips
ELAPSED_SECONDS=27
