2026-08-29 18:11:40,302 WARN streaming.StreamJob: -file option is deprecated, please use generic option -files instead.
2026-08-29 18:11:40,507 WARN util.NativeCodeLoader: Unable to load native-hadoop library for your platform... using builtin-java classes where applicable
packageJobJar: [mappers/mapper_topn.py, reducers/reducer_topn.py, /tmp/hadoop-unjar3231812067557194205/] [] /tmp/streamjob407761944289896668.jar tmpDir=null
2026-08-29 18:11:41,298 INFO client.DefaultNoHARMFailoverProxyProvider: Connecting to ResourceManager at localhost/127.0.0.1:8032
2026-08-29 18:11:41,476 INFO client.DefaultNoHARMFailoverProxyProvider: Connecting to ResourceManager at localhost/127.0.0.1:8032
2026-08-29 18:11:41,820 INFO mapreduce.JobResourceUploader: Disabling Erasure Coding for path: /tmp/hadoop-yarn/staging/root/.staging/job_1788022068759_0016
2026-08-29 18:11:42,658 INFO mapred.FileInputFormat: Total input files to process : 2
2026-08-29 18:11:42,713 INFO mapreduce.JobSubmitter: number of splits:2
2026-08-29 18:11:42,965 INFO mapreduce.JobSubmitter: Submitting tokens for job: job_1788022068759_0016
2026-08-29 18:11:42,965 INFO mapreduce.JobSubmitter: Executing with tokens: []
2026-08-29 18:11:43,165 INFO conf.Configuration: resource-types.xml not found
2026-08-29 18:11:43,165 INFO resource.ResourceUtils: Unable to find 'resource-types.xml'.
2026-08-29 18:11:43,257 INFO impl.YarnClientImpl: Submitted application application_1788022068759_0016
2026-08-29 18:11:43,319 INFO mapreduce.Job: The url to track the job: http://localhost:8088/proxy/application_1788022068759_0016/
2026-08-29 18:11:43,325 INFO mapreduce.Job: Running job: job_1788022068759_0016
2026-08-29 18:11:51,519 INFO mapreduce.Job: Job job_1788022068759_0016 running in uber mode : false
2026-08-29 18:11:51,521 INFO mapreduce.Job:  map 0% reduce 0%
2026-08-29 18:11:58,661 INFO mapreduce.Job:  map 100% reduce 0%
2026-08-29 18:12:04,749 INFO mapreduce.Job:  map 100% reduce 100%
2026-08-29 18:12:04,766 INFO mapreduce.Job: Job job_1788022068759_0016 completed successfully
2026-08-29 18:12:04,899 INFO mapreduce.Job: Counters: 54
	File System Counters
		FILE: Number of bytes read=2465
		FILE: Number of bytes written=971076
		FILE: Number of read operations=0
		FILE: Number of large read operations=0
		FILE: Number of write operations=0
		HDFS: Number of bytes read=1753528
		HDFS: Number of bytes written=881
		HDFS: Number of read operations=11
		HDFS: Number of large read operations=0
		HDFS: Number of write operations=2
		HDFS: Number of bytes read erasure-coded=0
	Job Counters 
		Launched map tasks=2
		Launched reduce tasks=1
		Data-local map tasks=2
		Total time spent by all maps in occupied slots (ms)=22080
		Total time spent by all reduces in occupied slots (ms)=6606
		Total time spent by all map tasks (ms)=11040
		Total time spent by all reduce tasks (ms)=3303
		Total vcore-milliseconds taken by all map tasks=11040
		Total vcore-milliseconds taken by all reduce tasks=3303
		Total megabyte-milliseconds taken by all map tasks=11304960
		Total megabyte-milliseconds taken by all reduce tasks=3382272
	Map-Reduce Framework
		Map input records=47937
		Map output records=40
		Map output bytes=2379
		Map output materialized bytes=2471
		Input split bytes=222
		Combine input records=0
		Combine output records=0
		Reduce input groups=1
		Reduce shuffle bytes=2471
		Reduce input records=40
		Reduce output records=20
		Spilled Records=80
		Shuffled Maps =2
		Failed Shuffles=0
		Merged Map outputs=2
		GC time elapsed (ms)=120
		CPU time spent (ms)=2610
		Physical memory (bytes) snapshot=782389248
		Virtual memory (bytes) snapshot=8211472384
		Total committed heap usage (bytes)=479199232
		Peak Map Physical memory (bytes)=295194624
		Peak Map Virtual memory (bytes)=2736123904
		Peak Reduce Physical memory (bytes)=193781760
		Peak Reduce Virtual memory (bytes)=2739322880
	Shuffle Errors
		BAD_ID=0
		CONNECTION=0
		IO_ERROR=0
		WRONG_LENGTH=0
		WRONG_MAP=0
		WRONG_REDUCE=0
	File Input Format Counters 
		Bytes Read=1753306
	File Output Format Counters 
		Bytes Written=881
2026-08-29 18:12:04,900 INFO streaming.StreamJob: Output directory: /taxi_project/output/top20_routes_trips
ELAPSED_SECONDS=25
