2026-08-29 18:14:10,254 WARN streaming.StreamJob: -file option is deprecated, please use generic option -files instead.
2026-08-29 18:14:10,491 WARN util.NativeCodeLoader: Unable to load native-hadoop library for your platform... using builtin-java classes where applicable
packageJobJar: [mappers/mapper_revenue.py, reducers/combiner_sums.py, reducers/reducer_revenue.py, /tmp/hadoop-unjar16657397227134441619/] [] /tmp/streamjob12979059547256975391.jar tmpDir=null
2026-08-29 18:14:11,299 INFO client.DefaultNoHARMFailoverProxyProvider: Connecting to ResourceManager at localhost/127.0.0.1:8032
2026-08-29 18:14:11,483 INFO client.DefaultNoHARMFailoverProxyProvider: Connecting to ResourceManager at localhost/127.0.0.1:8032
2026-08-29 18:14:11,794 INFO mapreduce.JobResourceUploader: Disabling Erasure Coding for path: /tmp/hadoop-yarn/staging/root/.staging/job_1788022068759_0018
2026-08-29 18:14:12,310 INFO mapred.FileInputFormat: Total input files to process : 2
2026-08-29 18:14:12,376 INFO mapreduce.JobSubmitter: number of splits:10
2026-08-29 18:14:12,617 INFO mapreduce.JobSubmitter: Submitting tokens for job: job_1788022068759_0018
2026-08-29 18:14:12,617 INFO mapreduce.JobSubmitter: Executing with tokens: []
2026-08-29 18:14:12,844 INFO conf.Configuration: resource-types.xml not found
2026-08-29 18:14:12,845 INFO resource.ResourceUtils: Unable to find 'resource-types.xml'.
2026-08-29 18:14:12,914 INFO impl.YarnClientImpl: Submitted application application_1788022068759_0018
2026-08-29 18:14:12,974 INFO mapreduce.Job: The url to track the job: http://localhost:8088/proxy/application_1788022068759_0018/
2026-08-29 18:14:12,976 INFO mapreduce.Job: Running job: job_1788022068759_0018
2026-08-29 18:14:24,501 INFO mapreduce.Job: Job job_1788022068759_0018 running in uber mode : false
2026-08-29 18:14:24,503 INFO mapreduce.Job:  map 0% reduce 0%
2026-08-29 18:14:48,433 INFO mapreduce.Job:  map 3% reduce 0%
2026-08-29 18:14:49,677 INFO mapreduce.Job:  map 5% reduce 0%
2026-08-29 18:14:54,085 INFO mapreduce.Job:  map 6% reduce 0%
2026-08-29 18:14:56,364 INFO mapreduce.Job:  map 8% reduce 0%
2026-08-29 18:15:00,684 INFO mapreduce.Job:  map 9% reduce 0%
2026-08-29 18:15:01,814 INFO mapreduce.Job:  map 11% reduce 0%
2026-08-29 18:15:06,882 INFO mapreduce.Job:  map 12% reduce 0%
2026-08-29 18:15:07,892 INFO mapreduce.Job:  map 14% reduce 0%
2026-08-29 18:15:12,998 INFO mapreduce.Job:  map 15% reduce 0%
2026-08-29 18:15:14,013 INFO mapreduce.Job:  map 17% reduce 0%
2026-08-29 18:15:19,093 INFO mapreduce.Job:  map 18% reduce 0%
2026-08-29 18:15:20,338 INFO mapreduce.Job:  map 20% reduce 0%
2026-08-29 18:15:25,455 INFO mapreduce.Job:  map 21% reduce 0%
2026-08-29 18:15:26,462 INFO mapreduce.Job:  map 23% reduce 0%
2026-08-29 18:15:32,657 INFO mapreduce.Job:  map 25% reduce 0%
2026-08-29 18:15:34,730 INFO mapreduce.Job:  map 28% reduce 0%
2026-08-29 18:15:37,798 INFO mapreduce.Job:  map 29% reduce 0%
2026-08-29 18:15:40,844 INFO mapreduce.Job:  map 33% reduce 0%
2026-08-29 18:15:45,900 INFO mapreduce.Job:  map 37% reduce 0%
2026-08-29 18:15:52,974 INFO mapreduce.Job:  map 40% reduce 0%
2026-08-29 18:15:58,015 INFO mapreduce.Job:  map 42% reduce 0%
2026-08-29 18:16:04,245 INFO mapreduce.Job:  map 43% reduce 0%
2026-08-29 18:16:10,414 INFO mapreduce.Job:  map 47% reduce 0%
2026-08-29 18:16:15,457 INFO mapreduce.Job:  map 47% reduce 13%
2026-08-29 18:16:16,462 INFO mapreduce.Job:  map 50% reduce 13%
2026-08-29 18:16:22,625 INFO mapreduce.Job:  map 53% reduce 13%
2026-08-29 18:16:28,094 INFO mapreduce.Job:  map 55% reduce 13%
2026-08-29 18:16:29,124 INFO mapreduce.Job:  map 56% reduce 13%
2026-08-29 18:16:34,275 INFO mapreduce.Job:  map 58% reduce 13%
2026-08-29 18:16:40,361 INFO mapreduce.Job:  map 63% reduce 13%
2026-08-29 18:16:41,368 INFO mapreduce.Job:  map 66% reduce 13%
2026-08-29 18:16:45,390 INFO mapreduce.Job:  map 66% reduce 20%
2026-08-29 18:16:46,397 INFO mapreduce.Job:  map 67% reduce 20%
2026-08-29 18:16:50,432 INFO mapreduce.Job:  map 70% reduce 20%
2026-08-29 18:16:51,436 INFO mapreduce.Job:  map 70% reduce 23%
2026-08-29 18:16:58,825 INFO mapreduce.Job:  map 80% reduce 23%
2026-08-29 18:17:00,852 INFO mapreduce.Job:  map 82% reduce 23%
2026-08-29 18:17:03,885 INFO mapreduce.Job:  map 82% reduce 27%
2026-08-29 18:17:06,956 INFO mapreduce.Job:  map 94% reduce 27%
2026-08-29 18:17:09,977 INFO mapreduce.Job:  map 94% reduce 30%
2026-08-29 18:17:13,005 INFO mapreduce.Job:  map 96% reduce 30%
2026-08-29 18:17:19,042 INFO mapreduce.Job:  map 100% reduce 30%
2026-08-29 18:17:20,052 INFO mapreduce.Job:  map 100% reduce 100%
2026-08-29 18:17:21,063 INFO mapreduce.Job: Job job_1788022068759_0018 completed successfully
2026-08-29 18:17:21,166 INFO mapreduce.Job: Counters: 55
	File System Counters
		FILE: Number of bytes read=131826
		FILE: Number of bytes written=3813769
		FILE: Number of read operations=0
		FILE: Number of large read operations=0
		FILE: Number of write operations=0
		HDFS: Number of bytes read=1104892837
		HDFS: Number of bytes written=15064
		HDFS: Number of read operations=35
		HDFS: Number of large read operations=0
		HDFS: Number of write operations=2
		HDFS: Number of bytes read erasure-coded=0
	Job Counters 
		Killed map tasks=1
		Launched map tasks=10
		Launched reduce tasks=1
		Data-local map tasks=10
		Total time spent by all maps in occupied slots (ms)=1133858
		Total time spent by all reduces in occupied slots (ms)=173404
		Total time spent by all map tasks (ms)=566929
		Total time spent by all reduce tasks (ms)=86702
		Total vcore-milliseconds taken by all map tasks=566929
		Total vcore-milliseconds taken by all reduce tasks=86702
		Total megabyte-milliseconds taken by all map tasks=580535296
		Total megabyte-milliseconds taken by all reduce tasks=88782848
	Map-Reduce Framework
		Map input records=10493916
		Map output records=10493916
		Map output bytes=345381986
		Map output materialized bytes=131880
		Input split bytes=1110
		Combine input records=10493916
		Combine output records=2563
		Reduce input groups=262
		Reduce shuffle bytes=131880
		Reduce input records=2563
		Reduce output records=262
		Spilled Records=5126
		Shuffled Maps =10
		Failed Shuffles=0
		Merged Map outputs=10
		GC time elapsed (ms)=2268
		CPU time spent (ms)=233330
		Physical memory (bytes) snapshot=3539419136
		Virtual memory (bytes) snapshot=30100029440
		Total committed heap usage (bytes)=2231369728
		Peak Map Physical memory (bytes)=361906176
		Peak Map Virtual memory (bytes)=2752589824
		Peak Reduce Physical memory (bytes)=210972672
		Peak Reduce Virtual memory (bytes)=2739040256
	Shuffle Errors
		BAD_ID=0
		CONNECTION=0
		IO_ERROR=0
		WRONG_LENGTH=0
		WRONG_MAP=0
		WRONG_REDUCE=0
	File Input Format Counters 
		Bytes Read=1104891727
	File Output Format Counters 
		Bytes Written=15064
2026-08-29 18:17:21,166 INFO streaming.StreamJob: Output directory: /taxi_project/output/revenue_bench
ELAPSED_SECONDS=192
