2026-08-29 18:19:28,357 WARN streaming.StreamJob: -file option is deprecated, please use generic option -files instead.
2026-08-29 18:19:28,579 WARN util.NativeCodeLoader: Unable to load native-hadoop library for your platform... using builtin-java classes where applicable
packageJobJar: [mappers/mapper_revenue.py, reducers/combiner_sums.py, reducers/reducer_revenue.py, /tmp/hadoop-unjar10146455245982097880/] [] /tmp/streamjob3409950780339576221.jar tmpDir=null
2026-08-29 18:19:29,432 INFO client.DefaultNoHARMFailoverProxyProvider: Connecting to ResourceManager at localhost/127.0.0.1:8032
2026-08-29 18:19:29,602 INFO client.DefaultNoHARMFailoverProxyProvider: Connecting to ResourceManager at localhost/127.0.0.1:8032
2026-08-29 18:19:29,915 INFO mapreduce.JobResourceUploader: Disabling Erasure Coding for path: /tmp/hadoop-yarn/staging/root/.staging/job_1788022068759_0020
2026-08-29 18:19:30,721 INFO mapred.FileInputFormat: Total input files to process : 1
2026-08-29 18:19:31,190 INFO mapreduce.JobSubmitter: number of splits:5
2026-08-29 18:19:31,384 INFO mapreduce.JobSubmitter: Submitting tokens for job: job_1788022068759_0020
2026-08-29 18:19:31,385 INFO mapreduce.JobSubmitter: Executing with tokens: []
2026-08-29 18:19:31,575 INFO conf.Configuration: resource-types.xml not found
2026-08-29 18:19:31,576 INFO resource.ResourceUtils: Unable to find 'resource-types.xml'.
2026-08-29 18:19:31,666 INFO impl.YarnClientImpl: Submitted application application_1788022068759_0020
2026-08-29 18:19:31,723 INFO mapreduce.Job: The url to track the job: http://localhost:8088/proxy/application_1788022068759_0020/
2026-08-29 18:19:31,726 INFO mapreduce.Job: Running job: job_1788022068759_0020
2026-08-29 18:19:38,910 INFO mapreduce.Job: Job job_1788022068759_0020 running in uber mode : false
2026-08-29 18:19:38,911 INFO mapreduce.Job:  map 0% reduce 0%
2026-08-29 18:20:03,753 INFO mapreduce.Job:  map 4% reduce 0%
2026-08-29 18:20:04,765 INFO mapreduce.Job:  map 6% reduce 0%
2026-08-29 18:20:05,784 INFO mapreduce.Job:  map 8% reduce 0%
2026-08-29 18:20:09,860 INFO mapreduce.Job:  map 11% reduce 0%
2026-08-29 18:20:10,873 INFO mapreduce.Job:  map 13% reduce 0%
2026-08-29 18:20:11,882 INFO mapreduce.Job:  map 14% reduce 0%
2026-08-29 18:20:15,939 INFO mapreduce.Job:  map 17% reduce 0%
2026-08-29 18:20:16,952 INFO mapreduce.Job:  map 18% reduce 0%
2026-08-29 18:20:17,961 INFO mapreduce.Job:  map 20% reduce 0%
2026-08-29 18:20:22,038 INFO mapreduce.Job:  map 24% reduce 0%
2026-08-29 18:20:23,061 INFO mapreduce.Job:  map 25% reduce 0%
2026-08-29 18:20:24,080 INFO mapreduce.Job:  map 26% reduce 0%
2026-08-29 18:20:28,224 INFO mapreduce.Job:  map 30% reduce 0%
2026-08-29 18:20:29,250 INFO mapreduce.Job:  map 31% reduce 0%
2026-08-29 18:20:30,259 INFO mapreduce.Job:  map 32% reduce 0%
2026-08-29 18:20:34,299 INFO mapreduce.Job:  map 35% reduce 0%
2026-08-29 18:20:35,310 INFO mapreduce.Job:  map 37% reduce 0%
2026-08-29 18:20:36,325 INFO mapreduce.Job:  map 38% reduce 0%
2026-08-29 18:20:39,811 INFO mapreduce.Job:  map 39% reduce 0%
2026-08-29 18:20:40,839 INFO mapreduce.Job:  map 42% reduce 0%
2026-08-29 18:20:41,871 INFO mapreduce.Job:  map 45% reduce 0%
2026-08-29 18:20:46,979 INFO mapreduce.Job:  map 54% reduce 0%
2026-08-29 18:20:52,031 INFO mapreduce.Job:  map 61% reduce 0%
2026-08-29 18:20:53,042 INFO mapreduce.Job:  map 63% reduce 0%
2026-08-29 18:20:59,131 INFO mapreduce.Job:  map 67% reduce 0%
2026-08-29 18:21:04,465 INFO mapreduce.Job:  map 73% reduce 0%
2026-08-29 18:21:07,729 INFO mapreduce.Job:  map 80% reduce 0%
2026-08-29 18:21:08,737 INFO mapreduce.Job:  map 100% reduce 0%
2026-08-29 18:21:09,746 INFO mapreduce.Job:  map 100% reduce 100%
2026-08-29 18:21:10,764 INFO mapreduce.Job: Job job_1788022068759_0020 completed successfully
2026-08-29 18:21:10,856 INFO mapreduce.Job: Counters: 55
	File System Counters
		FILE: Number of bytes read=65877
		FILE: Number of bytes written=2068055
		FILE: Number of read operations=0
		FILE: Number of large read operations=0
		FILE: Number of write operations=0
		HDFS: Number of bytes read=552576879
		HDFS: Number of bytes written=14699
		HDFS: Number of read operations=20
		HDFS: Number of large read operations=0
		HDFS: Number of write operations=2
		HDFS: Number of bytes read erasure-coded=0
	Job Counters 
		Killed map tasks=1
		Launched map tasks=6
		Launched reduce tasks=1
		Data-local map tasks=6
		Total time spent by all maps in occupied slots (ms)=656314
		Total time spent by all reduces in occupied slots (ms)=35744
		Total time spent by all map tasks (ms)=328157
		Total time spent by all reduce tasks (ms)=17872
		Total vcore-milliseconds taken by all map tasks=328157
		Total vcore-milliseconds taken by all reduce tasks=17872
		Total megabyte-milliseconds taken by all map tasks=336032768
		Total megabyte-milliseconds taken by all reduce tasks=18300928
	Map-Reduce Framework
		Map input records=5248143
		Map output records=5248143
		Map output bytes=172728048
		Map output materialized bytes=65901
		Input split bytes=570
		Combine input records=5248143
		Combine output records=1281
		Reduce input groups=261
		Reduce shuffle bytes=65901
		Reduce input records=1281
		Reduce output records=261
		Spilled Records=2562
		Shuffled Maps =5
		Failed Shuffles=0
		Merged Map outputs=5
		GC time elapsed (ms)=967
		CPU time spent (ms)=119810
		Physical memory (bytes) snapshot=1926438912
		Virtual memory (bytes) snapshot=16421449728
		Total committed heap usage (bytes)=1257242624
		Peak Map Physical memory (bytes)=449323008
		Peak Map Virtual memory (bytes)=2753589248
		Peak Reduce Physical memory (bytes)=192532480
		Peak Reduce Virtual memory (bytes)=2739273728
	Shuffle Errors
		BAD_ID=0
		CONNECTION=0
		IO_ERROR=0
		WRONG_LENGTH=0
		WRONG_MAP=0
		WRONG_REDUCE=0
	File Input Format Counters 
		Bytes Read=552576309
	File Output Format Counters 
		Bytes Written=14699
2026-08-29 18:21:10,856 INFO streaming.StreamJob: Output directory: /taxi_project/output/bench_half
ELAPSED_SECONDS=103
